Running test iteration 1 for 3D
Test (3D): snapshots basic ...
  ... Passed --  10.1  3  132   45054  217
Test (3D): install snapshots (disconnect) ...
  ... Passed --  69.3  3 1141  457129  353
Test (3D): install snapshots (disconnect+unreliable) ...
  ... Passed --  69.4  3 1323  478407  308
Test (3D): install snapshots (crash) ...
  ... Passed --  46.1  3  992  388375  321
Test (3D): install snapshots (unreliable+crash) ...
  ... Passed --  51.6  3 1221  478230  323
Test (3D): crash and restart all servers ...
  ... Passed --  17.9  3  220   61320   52
Test (3D): snapshot initialization after crash ...
  ... Passed --   5.5  3   66   18008   14
PASS
ok  	6.5840/raft	269.911s

real	4m38.112s
user	0m9.927s
sys	0m7.035s
----------------------------------------
Running test iteration 2 for 3D
Test (3D): snapshots basic ...
  ... Passed --  10.1  3  132   45750  228
Test (3D): install snapshots (disconnect) ...
  ... Passed --  87.7  3 1373  571835  391
Test (3D): install snapshots (disconnect+unreliable) ...
  ... Passed --  80.8  3 1521  591099  347
Test (3D): install snapshots (crash) ...
  ... Passed --  51.7  3 1073  418718  341
Test (3D): install snapshots (unreliable+crash) ...
  ... Passed --  48.6  3 1173  459241  342
Test (3D): crash and restart all servers ...
  ... Passed --  17.6  3  220   61436   52
Test (3D): snapshot initialization after crash ...
  ... Passed --   5.3  3   64   17452   14
PASS
ok  	6.5840/raft	301.857s

real	5m8.255s
user	0m10.283s
sys	0m7.721s
----------------------------------------
Running test iteration 3 for 3D
Test (3D): snapshots basic ...
  ... Passed --  10.1  3  132   45720  227
Test (3D): install snapshots (disconnect) ...
  ... Passed --  79.7  3 1273  454672  314
Test (3D): install snapshots (disconnect+unreliable) ...
  ... Passed --  72.8  3 1357  480401  293
Test (3D): install snapshots (crash) ...
  ... Passed --  48.3  3 1102  368217  300
Test (3D): install snapshots (unreliable+crash) ...
  ... Passed --  50.8  3 1195  486390  349
Test (3D): crash and restart all servers ...
  ... Passed --  23.0  3  290   81728   69
Test (3D): snapshot initialization after crash ...
  ... Passed --   5.3  3   66   18116   14
PASS
ok  	6.5840/raft	290.055s

real	4m57.617s
user	0m12.064s
sys	0m7.882s
----------------------------------------
Running test iteration 4 for 3D
Test (3D): snapshots basic ...
  ... Passed --  10.1  3  132   44838  212
Test (3D): install snapshots (disconnect) ...
  ... Passed --  70.6  3 1129  495259  350
Test (3D): install snapshots (disconnect+unreliable) ...
  ... Passed --  84.6  3 1588  556630  319
Test (3D): install snapshots (crash) ...
  ... Passed --  48.4  3 1124  397980  327
Test (3D): install snapshots (unreliable+crash) ...
  ... Passed --  52.4  3 1219  463618  354
Test (3D): crash and restart all servers ...
  ... Passed --  16.5  3  206   57480   48
Test (3D): snapshot initialization after crash ...
  ... Passed --   5.3  3   64   17468   14
PASS
ok  	6.5840/raft	287.972s

real	4m54.456s
user	0m14.806s
sys	0m6.419s
----------------------------------------
Running test iteration 5 for 3D
Test (3D): snapshots basic ...
  ... Passed --  10.3  3  134   46596  235
Test (3D): install snapshots (disconnect) ...
  ... Passed --  70.2  3 1130  444186  309
Test (3D): install snapshots (disconnect+unreliable) ...
  ... Passed --  72.8  3 1356  514201  308
Test (3D): install snapshots (crash) ...
  ... Passed --  47.5  3 1153  410288  312
Test (3D): install snapshots (unreliable+crash) ...
  ... Passed --  54.6  3 1097  437236  346
Test (3D): crash and restart all servers ...
  ... Passed --  18.3  3  236   64516   53
Test (3D): snapshot initialization after crash ...
  ... Passed --   5.5  3   64   17556   14
PASS
ok  	6.5840/raft	279.149s

real	4m45.145s
user	0m16.079s
sys	0m8.264s
----------------------------------------
Running test iteration 6 for 3D
Test (3D): snapshots basic ...
  ... Passed --  10.1  3  132   45594  230
Test (3D): install snapshots (disconnect) ...
  ... Passed --  84.2  3 1334  531105  363
Test (3D): install snapshots (disconnect+unreliable) ...
  ... Passed --  74.8  3 1446  574071  346
Test (3D): install snapshots (crash) ...
  ... Passed --  49.3  3 1129  385627  304
Test (3D): install snapshots (unreliable+crash) ...
  ... Passed --  50.4  3 1188  438436  356
Test (3D): crash and restart all servers ...
  ... Passed --  19.0  3  240   66764   56
Test (3D): snapshot initialization after crash ...
  ... Passed --   5.3  3   64   17564   14
PASS
ok  	6.5840/raft	293.038s

real	5m2.259s
user	0m14.113s
sys	0m7.704s
----------------------------------------
Running test iteration 7 for 3D
Test (3D): snapshots basic ...
  ... Passed --  10.3  3  134   45240  203
Test (3D): install snapshots (disconnect) ...
  ... Passed --  76.7  3 1234  507640  349
Test (3D): install snapshots (disconnect+unreliable) ...
  ... Passed --  70.8  3 1296  532162  355
Test (3D): install snapshots (crash) ...
  ... Passed --  49.2  3 1012  398420  311
Test (3D): install snapshots (unreliable+crash) ...
  ... Passed --  48.7  3 1055  426972  348
Test (3D): crash and restart all servers ...
  ... Passed --  19.7  3  258   69928   58
Test (3D): snapshot initialization after crash ...
  ... Passed --   5.2  3   62   17028   14
PASS
ok  	6.5840/raft	280.485s

real	4m45.559s
user	0m17.743s
sys	0m8.590s
----------------------------------------
Running test iteration 8 for 3D
Test (3D): snapshots basic ...
  ... Passed --  10.1  3  132   44620  207
Test (3D): install snapshots (disconnect) ...
  ... Passed --  74.3  3 1183  482813  342
Test (3D): install snapshots (disconnect+unreliable) ...
  ... Passed --  81.1  3 1461  607871  385
Test (3D): install snapshots (crash) ...
  ... Passed --  49.5  3 1042  384376  307
Test (3D): install snapshots (unreliable+crash) ...
  ... Passed --  48.8  3 1123  388523  310
Test (3D): crash and restart all servers ...
  ... Passed --  19.2  3  240   67220   57
Test (3D): snapshot initialization after crash ...
  ... Passed --   5.2  3   62   17028   14
PASS
ok  	6.5840/raft	288.220s

real	4m52.364s
user	0m15.807s
sys	0m8.136s
----------------------------------------
Running test iteration 9 for 3D
Test (3D): snapshots basic ...
  ... Passed --  10.3  3  134   45830  223
Test (3D): install snapshots (disconnect) ...
  ... Passed --  84.4  3 1322  568861  372
Test (3D): install snapshots (disconnect+unreliable) ...
  ... Passed --  85.5  3 1567  637036  366
Test (3D): install snapshots (crash) ...
  ... Passed --  48.8  3 1028  391414  325
Test (3D): install snapshots (unreliable+crash) ...
  ... Passed --  47.9  3 1182  416616  297
Test (3D): crash and restart all servers ...
  ... Passed --  21.9  3  278   77834   66
Test (3D): snapshot initialization after crash ...
  ... Passed --   5.2  3   62   17020   14
PASS
ok  	6.5840/raft	303.954s

real	5m11.532s
user	0m14.531s
sys	0m7.441s
----------------------------------------
Running test iteration 10 for 3D
Test (3D): snapshots basic ...
  ... Passed --  10.3  3  132   46258  240
Test (3D): install snapshots (disconnect) ...
  ... Passed --  77.3  3 1227  495638  346
Test (3D): install snapshots (disconnect+unreliable) ...
  ... Passed --  72.9  3 1362  499360  314
Test (3D): install snapshots (crash) ...
  ... Passed --  46.7  3 1071  393535  326
Test (3D): install snapshots (unreliable+crash) ...
  ... Passed --  48.6  3 1093  441612  321
Test (3D): crash and restart all servers ...
  ... Passed --  19.1  3  240   67108   56
Test (3D): snapshot initialization after crash ...
  ... Passed --   5.3  3   64   17452   14
PASS
ok  	6.5840/raft	280.231s

real	4m47.638s
user	0m14.173s
sys	0m6.801s
----------------------------------------
Running test iteration 11 for 3D
Test (3D): snapshots basic ...
  ... Passed --  10.1  3  132   45656  232
Test (3D): install snapshots (disconnect) ...
  ... Passed --  81.6  3 1312  486107  329
Test (3D): install snapshots (disconnect+unreliable) ...
  ... Passed --  74.9  3 1391  507282  326
Test (3D): install snapshots (crash) ...
  ... Passed --  46.9  3  964  387093  331
Test (3D): install snapshots (unreliable+crash) ...
  ... Passed --  50.6  3 1334  499161  326
Test (3D): crash and restart all servers ...
  ... Passed --  20.3  3  256   71750   60
Test (3D): snapshot initialization after crash ...
  ... Passed --   5.5  3   64   17548   14
PASS
ok  	6.5840/raft	289.892s

real	4m58.940s
user	0m13.485s
sys	0m7.281s
----------------------------------------
Running test iteration 12 for 3D
Test (3D): snapshots basic ...
  ... Passed --  10.1  3  132   45718  233
Test (3D): install snapshots (disconnect) ...
  ... Passed --  69.4  3 1113  467152  336
Test (3D): install snapshots (disconnect+unreliable) ...
  ... Passed --  84.1  3 1579  573988  340
Test (3D): install snapshots (crash) ...
  ... Passed --  47.1  3 1065  385609  294
Test (3D): install snapshots (unreliable+crash) ...
  ... Passed --  51.0  3 1110  405802  290
Test (3D): crash and restart all servers ...
  ... Passed --  19.1  3  240   66960   56
Test (3D): snapshot initialization after crash ...
  ... Passed --   5.3  3   64   17204   14
PASS
ok  	6.5840/raft	286.100s

real	4m54.451s
user	0m16.794s
sys	0m7.688s
----------------------------------------
Running test iteration 13 for 3D
Test (3D): snapshots basic ...
  ... Passed --  10.1  3  132   44454  203
Test (3D): install snapshots (disconnect) ...
  ... Passed --  75.3  3 1200  463601  340
Test (3D): install snapshots (disconnect+unreliable) ...
  ... Passed --  84.1  3 1520  612122  383
Test (3D): install snapshots (crash) ...
  ... Passed --  46.8  3 1044  347618  297
Test (3D): install snapshots (unreliable+crash) ...
  ... Passed --  48.8  3 1312  483324  330
Test (3D): crash and restart all servers ...
  ... Passed --  18.0  3  226   63088   53
Test (3D): snapshot initialization after crash ...
  ... Passed --   5.3  3   62   16928   14
PASS
ok  	6.5840/raft	288.472s

real	4m56.895s
user	0m14.762s
sys	0m7.702s
----------------------------------------
Running test iteration 14 for 3D
Test (3D): snapshots basic ...
  ... Passed --  10.3  3  134   46522  233
Test (3D): install snapshots (disconnect) ...
  ... Passed --  79.8  3 1267  517525  366
Test (3D): install snapshots (disconnect+unreliable) ...
  ... Passed --  71.9  3 1344  550201  357
Test (3D): install snapshots (crash) ...
  ... Passed --  49.8  3 1079  371045  296
Test (3D): install snapshots (unreliable+crash) ...
  ... Passed --  49.4  3 1158  409484  303
Test (3D): crash and restart all servers ...
  ... Passed --  20.4  3  256   71708   60
Test (3D): snapshot initialization after crash ...
  ... Passed --   5.3  3   64   17560   14
PASS
ok  	6.5840/raft	286.951s

real	4m55.704s
user	0m17.735s
sys	0m8.746s
----------------------------------------
Running test iteration 15 for 3D
Test (3D): snapshots basic ...
  ... Passed --  10.1  3  132   45096  212
Test (3D): install snapshots (disconnect) ...
  ... Passed --  82.5  3 1321  543094  371
Test (3D): install snapshots (disconnect+unreliable) ...
  ... Passed --  79.0  3 1438  528328  338
Test (3D): install snapshots (crash) ...
  ... Passed --  47.7  3 1078  410738  355
Test (3D): install snapshots (unreliable+crash) ...
  ... Passed --  48.8  3 1258  431294  294
Test (3D): crash and restart all servers ...
  ... Passed --  21.8  3  276   77460   65
Test (3D): snapshot initialization after crash ...
  ... Passed --   5.3  3   64   17460   14
PASS
ok  	6.5840/raft	295.170s

real	5m4.403s
user	0m18.649s
sys	0m8.523s
----------------------------------------
Running test iteration 16 for 3D
Test (3D): snapshots basic ...
  ... Passed --  10.1  3  132   44860  206
Test (3D): install snapshots (disconnect) ...
  ... Passed --  69.4  3 1126  488110  381
Test (3D): install snapshots (disconnect+unreliable) ...
  ... Passed --  72.1  3 1334  502065  316
Test (3D): install snapshots (crash) ...
  ... Passed --  47.4  3 1020  358711  300
Test (3D): install snapshots (unreliable+crash) ...
  ... Passed --  50.7  3 1184  477063  354
Test (3D): crash and restart all servers ...
  ... Passed --  23.2  3  294   82750   70
Test (3D): snapshot initialization after crash ...
  ... Passed --   5.4  3   64   17560   14
PASS
ok  	6.5840/raft	278.124s

real	4m46.333s
user	0m17.083s
sys	0m8.351s
----------------------------------------
Running test iteration 17 for 3D
Test (3D): snapshots basic ...
  ... Passed --  10.3  3  134   44980  202
Test (3D): install snapshots (disconnect) ...
  ... Passed --  79.6  3 1266  514735  367
Test (3D): install snapshots (disconnect+unreliable) ...
  ... Passed --  81.0  3 1506  539844  325
Test (3D): install snapshots (crash) ...
  ... Passed --  46.0  3 1048  425695  341
Test (3D): install snapshots (unreliable+crash) ...
  ... Passed --  49.4  3 1173  431491  326
Test (3D): crash and restart all servers ...
  ... Passed --  20.3  3  256   71778   60
Test (3D): snapshot initialization after crash ...
  ... Passed --   5.3  3   62   16928   14
PASS
ok  	6.5840/raft	291.785s

real	4m59.915s
user	0m11.365s
sys	0m7.680s
----------------------------------------
Running test iteration 18 for 3D
Test (3D): snapshots basic ...
  ... Passed --  10.1  3  132   46218  239
Test (3D): install snapshots (disconnect) ...
  ... Passed --  84.8  3 1323  555970  366
Test (3D): install snapshots (disconnect+unreliable) ...
  ... Passed --  82.2  3 1516  584072  335
Test (3D): install snapshots (crash) ...
  ... Passed --  46.7  3 1083  403165  338
Test (3D): install snapshots (unreliable+crash) ...
  ... Passed --  47.4  3 1084  403021  335
Test (3D): crash and restart all servers ...
  ... Passed --  20.1  3  265   72340   60
Test (3D): snapshot initialization after crash ...
  ... Passed --   5.3  3   64   17554   14
PASS
ok  	6.5840/raft	296.682s

real	5m3.437s
user	0m10.437s
sys	0m7.464s
----------------------------------------
Running test iteration 19 for 3D
Test (3D): snapshots basic ...
  ... Passed --  10.3  3  132   45658  232
Test (3D): install snapshots (disconnect) ...
  ... Passed --  88.0  3 1378  600311  386
Test (3D): install snapshots (disconnect+unreliable) ...
  ... Passed --  74.9  3 1431  546146  331
Test (3D): install snapshots (crash) ...
  ... Passed --  47.2  3 1046  370417  302
Test (3D): install snapshots (unreliable+crash) ...
  ... Passed --  47.7  3 1100  431168  344
Test (3D): crash and restart all servers ...
  ... Passed --  16.7  3  208   58076   49
Test (3D): snapshot initialization after crash ...
  ... Passed --   5.5  3   64   17566   14
PASS
ok  	6.5840/raft	290.235s

real	4m55.375s
user	0m10.385s
sys	0m7.465s
----------------------------------------
Running test iteration 20 for 3D
Test (3D): snapshots basic ...
  ... Passed --  10.1  3  132   44976  209
Test (3D): install snapshots (disconnect) ...
  ... Passed --  74.5  3 1209  448283  316
Test (3D): install snapshots (disconnect+unreliable) ...
  ... Passed --  65.6  3 1235  495630  348
Test (3D): install snapshots (crash) ...
  ... Passed --  48.5  3 1017  405809  351
Test (3D): install snapshots (unreliable+crash) ...
  ... Passed --  49.2  3 1227  458402  326
Test (3D): crash and restart all servers ...
  ... Passed --  18.9  3  239   66042   55
Test (3D): snapshot initialization after crash ...
  ... Passed --   5.3  3   64   17562   14
PASS
ok  	6.5840/raft	272.199s

real	4m36.551s
user	0m9.756s
sys	0m6.185s
----------------------------------------
Running test iteration 21 for 3D
Test (3D): snapshots basic ...
  ... Passed --  10.3  3  134   45474  213
Test (3D): install snapshots (disconnect) ...
  ... Passed --  83.6  3 1320  570920  379
Test (3D): install snapshots (disconnect+unreliable) ...
  ... Passed --  82.9  3 1505  559569  323
Test (3D): install snapshots (crash) ...
  ... Passed --  48.2  3 1089  384656  308
Test (3D): install snapshots (unreliable+crash) ...
  ... Passed --  50.3  3 1274  468839  340
Test (3D): crash and restart all servers ...
  ... Passed --  18.8  3  236   66122   56
Test (3D): snapshot initialization after crash ...
  ... Passed --   5.3  3   64   17576   14
PASS
ok  	6.5840/raft	299.366s

real	5m5.651s
user	0m10.858s
sys	0m7.681s
----------------------------------------
Running test iteration 22 for 3D
Test (3D): snapshots basic ...
  ... Passed --  10.1  3  132   45194  214
Test (3D): install snapshots (disconnect) ...
  ... Passed --  83.0  3 1312  564760  382
Test (3D): install snapshots (disconnect+unreliable) ...
  ... Passed --  86.1  3 1593  621139  328
Test (3D): install snapshots (crash) ...
  ... Passed --  49.5  3 1049  404062  350
Test (3D): install snapshots (unreliable+crash) ...
  ... Passed --  52.9  3 1108  450503  340
Test (3D): crash and restart all servers ...
  ... Passed --  17.5  3  216   60304   50
Test (3D): snapshot initialization after crash ...
  ... Passed --   5.2  3   64   17564   14
PASS
ok  	6.5840/raft	304.216s

real	5m12.501s
user	0m9.455s
sys	0m7.408s
----------------------------------------
Running test iteration 23 for 3D
Test (3D): snapshots basic ...
  ... Passed --  10.1  3  132   45208  221
Test (3D): install snapshots (disconnect) ...
  ... Passed --  81.7  3 1288  537515  365
Test (3D): install snapshots (disconnect+unreliable) ...
  ... Passed --  81.1  3 1512  596418  370
Test (3D): install snapshots (crash) ...
  ... Passed --  49.3  3 1026  439089  353
Test (3D): install snapshots (unreliable+crash) ...
  ... Passed --  52.4  3 1312  503565  353
Test (3D): crash and restart all servers ...
  ... Passed --  19.8  3  253   70364   58
Test (3D): snapshot initialization after crash ...
  ... Passed --   5.2  3   62   17016   14
PASS
ok  	6.5840/raft	299.661s

real	5m6.957s
user	0m10.026s
sys	0m6.818s
----------------------------------------
Running test iteration 24 for 3D
Test (3D): snapshots basic ...
  ... Passed --  10.3  3  134   47120  254
Test (3D): install snapshots (disconnect) ...
  ... Passed --  69.2  3 1129  445083  327
Test (3D): install snapshots (disconnect+unreliable) ...
  ... Passed --  81.8  3 1492  563890  350
Test (3D): install snapshots (crash) ...
  ... Passed --  46.9  3 1011  413371  320
Test (3D): install snapshots (unreliable+crash) ...
  ... Passed --  47.2  3 1031  402487  334
Test (3D): crash and restart all servers ...
  ... Passed --  20.0  3  252   70624   60
Test (3D): snapshot initialization after crash ...
  ... Passed --   5.2  3   62   16928   14
PASS
ok  	6.5840/raft	280.543s

real	4m45.040s
user	0m11.404s
sys	0m7.762s
----------------------------------------
Running test iteration 25 for 3D
Test (3D): snapshots basic ...
  ... Passed --  10.2  3  134   46138  224
Test (3D): install snapshots (disconnect) ...
  ... Passed --  78.7  3 1247  503755  347
Test (3D): install snapshots (disconnect+unreliable) ...
  ... Passed --  73.9  3 1362  538587  349
Test (3D): install snapshots (crash) ...
  ... Passed --  49.5  3 1105  418258  346
Test (3D): install snapshots (unreliable+crash) ...
  ... Passed --  50.6  3 1176  435634  338
Test (3D): crash and restart all servers ...
  ... Passed --  20.1  3  254   71008   60
Test (3D): snapshot initialization after crash ...
  ... Passed --   5.2  3   62   16928   14
PASS
ok  	6.5840/raft	288.204s

real	4m53.686s
user	0m12.381s
sys	0m8.933s
----------------------------------------
Running test iteration 26 for 3D
Test (3D): snapshots basic ...
  ... Passed --  10.1  3  132   46282  241
Test (3D): install snapshots (disconnect) ...
  ... Passed --  75.1  3 1198  486018  345
Test (3D): install snapshots (disconnect+unreliable) ...
  ... Passed --  83.5  3 1569  594761  312
Test (3D): install snapshots (crash) ...
  ... Passed --  48.9  3 1084  399753  320
Test (3D): install snapshots (unreliable+crash) ...
  ... Passed --  51.3  3 1151  439902  297
Test (3D): crash and restart all servers ...
  ... Passed --  20.7  3  256   71684   60
Test (3D): snapshot initialization after crash ...
  ... Passed --   5.2  3   64   17228   14
PASS
ok  	6.5840/raft	294.885s

real	5m1.007s
user	0m11.056s
sys	0m8.823s
----------------------------------------
Running test iteration 27 for 3D
Test (3D): snapshots basic ...
  ... Passed --  10.1  3  132   45954  232
Test (3D): install snapshots (disconnect) ...
  ... Passed --  78.9  3 1273  476673  322
Test (3D): install snapshots (disconnect+unreliable) ...
  ... Passed --  75.2  3 1345  555224  380
Test (3D): install snapshots (crash) ...
  ... Passed --  46.0  3  992  408754  348
Test (3D): install snapshots (unreliable+crash) ...
  ... Passed --  49.1  3 1280  432602  296
Test (3D): crash and restart all servers ...
  ... Passed --  20.3  3  256   71836   61
Test (3D): snapshot initialization after crash ...
  ... Passed --   5.2  3   62   17016   14
PASS
ok  	6.5840/raft	284.830s

real	4m52.016s
user	0m11.328s
sys	0m7.454s
----------------------------------------
Running test iteration 28 for 3D
Test (3D): snapshots basic ...
  ... Passed --  10.1  3  132   45450  227
Test (3D): install snapshots (disconnect) ...
  ... Passed --  80.4  3 1274  465897  336
Test (3D): install snapshots (disconnect+unreliable) ...
  ... Passed --  80.2  3 1460  527997  320
Test (3D): install snapshots (crash) ...
  ... Passed --  47.0  3 1079  388535  327
Test (3D): install snapshots (unreliable+crash) ...
  ... Passed --  50.6  3 1067  463328  362
Test (3D): crash and restart all servers ...
  ... Passed --  19.2  3  245   67230   56
Test (3D): snapshot initialization after crash ...
  ... Passed --   5.5  3   62   17028   14
PASS
ok  	6.5840/raft	293.033s

real	5m0.141s
user	0m10.308s
sys	0m7.847s
----------------------------------------
Running test iteration 29 for 3D
Test (3D): snapshots basic ...
  ... Passed --  10.1  3  132   45398  219
Test (3D): install snapshots (disconnect) ...
  ... Passed --  73.7  3 1189  493193  349
Test (3D): install snapshots (disconnect+unreliable) ...
  ... Passed --  85.3  3 1578  616181  382
Test (3D): install snapshots (crash) ...
  ... Passed --  47.5  3 1036  401764  337
Test (3D): install snapshots (unreliable+crash) ...
  ... Passed --  50.6  3 1131  425369  331
Test (3D): crash and restart all servers ...
  ... Passed --  17.3  3  216   60416   51
Test (3D): snapshot initialization after crash ...
  ... Passed --   5.4  3   66   18116   14
PASS
ok  	6.5840/raft	289.988s

real	4m57.136s
user	0m10.702s
sys	0m8.496s
----------------------------------------
Running test iteration 30 for 3D
Test (3D): snapshots basic ...
  ... Passed --  10.1  3  132   45758  228
Test (3D): install snapshots (disconnect) ...
  ... Passed --  79.1  3 1260  515508  326
Test (3D): install snapshots (disconnect+unreliable) ...
  ... Passed --  76.1  3 1468  532836  330
Test (3D): install snapshots (crash) ...
  ... Passed --  48.8  3  962  372574  317
Test (3D): install snapshots (unreliable+crash) ...
  ... Passed --  50.9  3 1098  457883  356
Test (3D): crash and restart all servers ...
  ... Passed --  21.3  3  280   76486   64
Test (3D): snapshot initialization after crash ...
  ... Passed --   5.5  3   66   18104   14
PASS
ok  	6.5840/raft	291.854s

real	4m58.835s
user	0m9.445s
sys	0m7.699s
----------------------------------------
Running test iteration 31 for 3D
Test (3D): snapshots basic ...
  ... Passed --  10.2  3  132   45032  210
Test (3D): install snapshots (disconnect) ...
  ... Passed --  76.2  3 1243  513067  352
Test (3D): install snapshots (disconnect+unreliable) ...
  ... Passed --  78.9  3 1473  525676  308
Test (3D): install snapshots (crash) ...
  ... Passed --  46.9  3 1101  402939  333
Test (3D): install snapshots (unreliable+crash) ...
  ... Passed --  47.2  3 1113  433808  346
Test (3D): crash and restart all servers ...
  ... Passed --  23.0  3  290   81632   69
Test (3D): snapshot initialization after crash ...
  ... Passed --   5.3  3   62   16928   14
PASS
ok  	6.5840/raft	287.722s

real	4m54.837s
user	0m11.774s
sys	0m8.251s
----------------------------------------
Running test iteration 32 for 3D
Test (3D): snapshots basic ...
  ... Passed --  10.1  3  132   44076  187
Test (3D): install snapshots (disconnect) ...
  ... Passed --  69.5  3 1121  445037  338
Test (3D): install snapshots (disconnect+unreliable) ...
  ... Passed --  77.5  3 1451  554038  332
Test (3D): install snapshots (crash) ...
  ... Passed --  47.8  3 1033  402731  329
Test (3D): install snapshots (unreliable+crash) ...
  ... Passed --  57.0  3 1104  447559  326
Test (3D): crash and restart all servers ...
  ... Passed --  19.1  3  240   66672   56
Test (3D): snapshot initialization after crash ...
  ... Passed --   5.3  3   64   17562   14
PASS
ok  	6.5840/raft	286.193s

real	4m53.329s
user	0m10.370s
sys	0m7.842s
----------------------------------------
Running test iteration 33 for 3D
Test (3D): snapshots basic ...
  ... Passed --  10.1  3  132   45760  228
Test (3D): install snapshots (disconnect) ...
  ... Passed --  76.7  3 1232  471920  341
Test (3D): install snapshots (disconnect+unreliable) ...
  ... Passed --  75.1  3 1447  517291  357
Test (3D): install snapshots (crash) ...
  ... Passed --  48.8  3 1197  411952  336
Test (3D): install snapshots (unreliable+crash) ...
  ... Passed --  49.7  3 1169  442639  334
Test (3D): crash and restart all servers ...
  ... Passed --  19.2  3  242   67912   57
Test (3D): snapshot initialization after crash ...
  ... Passed --   5.3  3   62   16916   14
PASS
ok  	6.5840/raft	284.936s

real	4m52.158s
user	0m11.203s
sys	0m7.976s
----------------------------------------
Running test iteration 34 for 3D
Test (3D): snapshots basic ...
  ... Passed --  10.1  3  132   44706  202
Test (3D): install snapshots (disconnect) ...
  ... Passed --  85.3  3 1341  505651  328
Test (3D): install snapshots (disconnect+unreliable) ...
  ... Passed --  77.4  3 1462  590181  340
Test (3D): install snapshots (crash) ...
  ... Passed --  46.4  3 1000  386039  346
Test (3D): install snapshots (unreliable+crash) ...
  ... Passed --  50.5  3 1104  442654  328
Test (3D): crash and restart all servers ...
  ... Passed --  20.1  3  254   71146   60
Test (3D): snapshot initialization after crash ...
  ... Passed --   5.5  3   64   17576   14
PASS
ok  	6.5840/raft	295.306s

real	5m2.509s
user	0m10.126s
sys	0m7.524s
----------------------------------------
Running test iteration 35 for 3D
Test (3D): snapshots basic ...
  ... Passed --  10.3  3  132   45724  227
Test (3D): install snapshots (disconnect) ...
  ... Passed --  74.4  3 1217  508237  338
Test (3D): install snapshots (disconnect+unreliable) ...
  ... Passed --  76.9  3 1419  546463  355
Test (3D): install snapshots (crash) ...
  ... Passed --  47.1  3 1038  426756  355
Test (3D): install snapshots (unreliable+crash) ...
  ... Passed --  50.3  3 1096  464311  337
Test (3D): crash and restart all servers ...
  ... Passed --  22.1  3  276   77716   66
Test (3D): snapshot initialization after crash ...
  ... Passed --   5.3  3   64   17576   14
PASS
ok  	6.5840/raft	286.437s

real	4m53.585s
user	0m11.961s
sys	0m7.922s
----------------------------------------
Running test iteration 36 for 3D
Test (3D): snapshots basic ...
  ... Passed --  10.1  3  132   45668  232
Test (3D): install snapshots (disconnect) ...
  ... Passed --  78.2  3 1248  484228  327
Test (3D): install snapshots (disconnect+unreliable) ...
  ... Passed --  75.7  3 1405  568918  352
Test (3D): install snapshots (crash) ...
  ... Passed --  48.2  3 1130  405004  329
Test (3D): install snapshots (unreliable+crash) ...
  ... Passed --  51.2  3 1239  481484  365
Test (3D): crash and restart all servers ...
  ... Passed --  19.6  3  244   68312   58
Test (3D): snapshot initialization after crash ...
  ... Passed --   5.3  3   64   17564   14
PASS
ok  	6.5840/raft	288.231s

real	4m55.119s
user	0m11.401s
sys	0m7.647s
----------------------------------------
Running test iteration 37 for 3D
Test (3D): snapshots basic ...
  ... Passed --  10.3  3  134   45868  224
Test (3D): install snapshots (disconnect) ...
  ... Passed --  73.1  3 1154  438480  330
Test (3D): install snapshots (disconnect+unreliable) ...
  ... Passed --  73.4  3 1385  582703  355
Test (3D): install snapshots (crash) ...
  ... Passed --  47.0  3 1019  411131  320
Test (3D): install snapshots (unreliable+crash) ...
  ... Passed --  50.1  3 1207  479620  345
Test (3D): crash and restart all servers ...
  ... Passed --  15.8  3  196   54568   46
Test (3D): snapshot initialization after crash ...
  ... Passed --   5.2  3   62   16916   14
PASS
ok  	6.5840/raft	274.841s

real	4m41.306s
user	0m9.291s
sys	0m7.471s
----------------------------------------
Running test iteration 38 for 3D
Test (3D): snapshots basic ...
  ... Passed --  10.1  3  132   45112  219
Test (3D): install snapshots (disconnect) ...
  ... Passed --  77.5  3 1226  497826  375
Test (3D): install snapshots (disconnect+unreliable) ...
  ... Passed --  75.7  3 1414  544898  329
Test (3D): install snapshots (crash) ...
  ... Passed --  48.0  3 1044  443634  354
Test (3D): install snapshots (unreliable+crash) ...
  ... Passed --  52.1  3 1119  491949  370
Test (3D): crash and restart all servers ...
  ... Passed --  18.0  3  224   62438   52
Test (3D): snapshot initialization after crash ...
  ... Passed --   5.3  3   64   17564   14
PASS
ok  	6.5840/raft	286.686s

real	4m53.826s
user	0m10.388s
sys	0m7.866s
----------------------------------------
Running test iteration 39 for 3D
Test (3D): snapshots basic ...
  ... Passed --  10.3  3  134   45566  210
Test (3D): install snapshots (disconnect) ...
  ... Passed --  83.3  3 1313  534513  365
Test (3D): install snapshots (disconnect+unreliable) ...
  ... Passed --  75.0  3 1432  488513  310
Test (3D): install snapshots (crash) ...
  ... Passed --  48.5  3 1002  396576  323
Test (3D): install snapshots (unreliable+crash) ...
  ... Passed --  48.5  3 1217  438940  325
Test (3D): crash and restart all servers ...
  ... Passed --  20.3  3  254   71244   60
Test (3D): snapshot initialization after crash ...
  ... Passed --   5.2  3   62   16918   14
PASS
ok  	6.5840/raft	291.066s

real	4m57.924s
user	0m9.858s
sys	0m6.586s
----------------------------------------
Running test iteration 40 for 3D
Test (3D): snapshots basic ...
  ... Passed --  10.1  3  132   45618  224
Test (3D): install snapshots (disconnect) ...
  ... Passed --  78.6  3 1276  515020  338
Test (3D): install snapshots (disconnect+unreliable) ...
  ... Passed --  80.7  3 1540  599038  365
Test (3D): install snapshots (crash) ...
  ... Passed --  49.0  3  930  398972  302
Test (3D): install snapshots (unreliable+crash) ...
  ... Passed --  51.2  3 1244  476537  353
Test (3D): crash and restart all servers ...
  ... Passed --  21.2  3  266   74784   63
Test (3D): snapshot initialization after crash ...
  ... Passed --   5.2  3   62   17016   14
PASS
ok  	6.5840/raft	295.877s

real	5m2.520s
user	0m10.486s
sys	0m8.445s
----------------------------------------
Running test iteration 41 for 3D
Test (3D): snapshots basic ...
  ... Passed --  10.1  3  132   46256  240
Test (3D): install snapshots (disconnect) ...
  ... Passed --  80.7  3 1276  518543  350
Test (3D): install snapshots (disconnect+unreliable) ...
  ... Passed --  80.3  3 1509  553809  329
Test (3D): install snapshots (crash) ...
  ... Passed --  46.6  3 1049  392977  324
Test (3D): install snapshots (unreliable+crash) ...
  ... Passed --  49.8  3 1174  447673  349
Test (3D): crash and restart all servers ...
  ... Passed --  23.3  3  298   83410   70
Test (3D): snapshot initialization after crash ...
  ... Passed --   5.3  3   64   17478   14
PASS
ok  	6.5840/raft	296.123s

real	5m2.513s
user	0m11.802s
sys	0m8.140s
----------------------------------------
Running test iteration 42 for 3D
Test (3D): snapshots basic ...
  ... Passed --  10.1  3  132   45432  220
Test (3D): install snapshots (disconnect) ...
  ... Passed --  81.6  3 1298  500762  311
Test (3D): install snapshots (disconnect+unreliable) ...
  ... Passed --  82.9  3 1563  665255  393
Test (3D): install snapshots (crash) ...
  ... Passed --  47.1  3 1049  415471  305
Test (3D): install snapshots (unreliable+crash) ...
  ... Passed --  47.4  3 1134  443748  325
Test (3D): crash and restart all servers ...
  ... Passed --  18.0  3  226   63112   53
Test (3D): snapshot initialization after crash ...
  ... Passed --   5.3  3   62   17028   14
PASS
ok  	6.5840/raft	292.406s

real	4m58.219s
user	0m9.891s
sys	0m7.375s
----------------------------------------
Running test iteration 43 for 3D
Test (3D): snapshots basic ...
  ... Passed --  10.1  3  132   45972  233
Test (3D): install snapshots (disconnect) ...
  ... Passed --  79.6  3 1259  526531  383
Test (3D): install snapshots (disconnect+unreliable) ...
  ... Passed --  80.6  3 1509  553621  346
Test (3D): install snapshots (crash) ...
  ... Passed --  46.5  3 1103  413365  331
Test (3D): install snapshots (unreliable+crash) ...
  ... Passed --  50.2  3 1125  440441  338
Test (3D): crash and restart all servers ...
  ... Passed --  19.1  3  243   67050   56
Test (3D): snapshot initialization after crash ...
  ... Passed --   5.5  3   64   17464   14
PASS
ok  	6.5840/raft	291.620s

real	4m57.388s
user	0m10.594s
sys	0m7.919s
----------------------------------------
Running test iteration 44 for 3D
Test (3D): snapshots basic ...
  ... Passed --  10.2  3  134   46834  241
Test (3D): install snapshots (disconnect) ...
  ... Passed --  73.5  3 1182  465424  335
Test (3D): install snapshots (disconnect+unreliable) ...
  ... Passed --  73.4  3 1375  557372  341
Test (3D): install snapshots (crash) ...
  ... Passed --  48.2  3 1086  418303  329
Test (3D): install snapshots (unreliable+crash) ...
  ... Passed --  49.9  3 1220  424541  303
Test (3D): crash and restart all servers ...
  ... Passed --  23.0  3  286   80206   68
Test (3D): snapshot initialization after crash ...
  ... Passed --   5.3  3   64   17452   14
PASS
ok  	6.5840/raft	283.641s

real	4m49.335s
user	0m11.558s
sys	0m7.992s
----------------------------------------
Running test iteration 45 for 3D
Test (3D): snapshots basic ...
  ... Passed --  10.1  3  132   44892  213
Test (3D): install snapshots (disconnect) ...
  ... Passed --  73.4  3 1170  578199  391
Test (3D): install snapshots (disconnect+unreliable) ...
  ... Passed --  75.2  3 1410  529757  328
Test (3D): install snapshots (crash) ...
  ... Passed --  46.4  3  977  419969  359
Test (3D): install snapshots (unreliable+crash) ...
  ... Passed --  50.8  3 1191  471667  341
Test (3D): crash and restart all servers ...
  ... Passed --  19.2  3  236   66016   56
Test (3D): snapshot initialization after crash ...
  ... Passed --   5.2  3   62   16918   14
PASS
ok  	6.5840/raft	280.327s

real	4m44.965s
user	0m10.433s
sys	0m7.558s
----------------------------------------
Running test iteration 46 for 3D
Test (3D): snapshots basic ...
  ... Passed --  10.1  3  132   45490  221
Test (3D): install snapshots (disconnect) ...
  ... Passed --  82.8  3 1311  518726  366
Test (3D): install snapshots (disconnect+unreliable) ...
  ... Passed --  80.0  3 1458  541832  305
Test (3D): install snapshots (crash) ...
  ... Passed --  49.1  3 1134  430577  335
Test (3D): install snapshots (unreliable+crash) ...
  ... Passed --  48.7  3 1055  419815  338
Test (3D): crash and restart all servers ...
  ... Passed --  20.7  3  264   73860   62
Test (3D): snapshot initialization after crash ...
  ... Passed --   5.6  3   64   17104   14
PASS
ok  	6.5840/raft	297.018s

real	5m1.648s
user	0m10.446s
sys	0m8.003s
----------------------------------------
Running test iteration 47 for 3D
Test (3D): snapshots basic ...
  ... Passed --  10.1  3  132   45522  222
Test (3D): install snapshots (disconnect) ...
  ... Passed --  78.6  3 1253  497584  352
Test (3D): install snapshots (disconnect+unreliable) ...
  ... Passed --  78.7  3 1490  581697  363
Test (3D): install snapshots (crash) ...
  ... Passed --  48.9  3 1070  404441  321
Test (3D): install snapshots (unreliable+crash) ...
  ... Passed --  48.8  3 1022  419230  331
Test (3D): crash and restart all servers ...
  ... Passed --  19.7  3  244   68300   58
Test (3D): snapshot initialization after crash ...
  ... Passed --   5.5  3   62   17028   14
PASS
ok  	6.5840/raft	290.156s

real	4m55.161s
user	0m10.020s
sys	0m7.450s
----------------------------------------
Running test iteration 48 for 3D
Test (3D): snapshots basic ...
  ... Passed --  10.1  3  132   45736  227
Test (3D): install snapshots (disconnect) ...
  ... Passed --  77.3  3 1229  484480  354
Test (3D): install snapshots (disconnect+unreliable) ...
  ... Passed --  73.9  3 1366  558195  376
Test (3D): install snapshots (crash) ...
  ... Passed --  46.5  3 1004  409554  328
Test (3D): install snapshots (unreliable+crash) ...
  ... Passed --  53.4  3 1173  481598  348
Test (3D): crash and restart all servers ...
  ... Passed --  19.2  3  242   67754   57
Test (3D): snapshot initialization after crash ...
  ... Passed --   5.3  3   62   16916   14
PASS
ok  	6.5840/raft	285.772s

real	4m50.044s
user	0m9.808s
sys	0m7.486s
----------------------------------------
Running test iteration 49 for 3D
Test (3D): snapshots basic ...
  ... Passed --  10.2  3  134   44794  198
Test (3D): install snapshots (disconnect) ...
  ... Passed --  78.1  3 1251  462221  326
Test (3D): install snapshots (disconnect+unreliable) ...
  ... Passed --  76.5  3 1417  526756  328
Test (3D): install snapshots (crash) ...
  ... Passed --  47.5  3 1005  401897  320
Test (3D): install snapshots (unreliable+crash) ...
  ... Passed --  48.5  3 1151  458985  338
Test (3D): crash and restart all servers ...
  ... Passed --  20.7  3  260   72892   62
Test (3D): snapshot initialization after crash ...
  ... Passed --   5.2  3   62   16904   14
PASS
ok  	6.5840/raft	286.711s

real	4m47.289s
user	0m9.919s
sys	0m7.670s
----------------------------------------
Running test iteration 50 for 3D
Test (3D): snapshots basic ...
  ... Passed --  10.1  3  132   45652  225
Test (3D): install snapshots (disconnect) ...
  ... Passed --  74.0  3 1186  475627  337
Test (3D): install snapshots (disconnect+unreliable) ...
  ... Passed --  80.4  3 1462  624096  352
Test (3D): install snapshots (crash) ...
  ... Passed --  46.7  3 1096  383924  297
Test (3D): install snapshots (unreliable+crash) ...
  ... Passed --  51.5  3 1135  465185  347
Test (3D): crash and restart all servers ...
  ... Passed --  19.2  3  240   67296   57
Test (3D): snapshot initialization after crash ...
  ... Passed --   5.2  3   62   17016   14
PASS
ok  	6.5840/raft	287.097s

real	4m47.692s
user	0m11.569s
sys	0m7.854s
----------------------------------------
Running test iteration 51 for 3D
Test (3D): snapshots basic ...
  ... Passed --  10.1  3  132   44858  206
Test (3D): install snapshots (disconnect) ...
  ... Passed --  81.4  3 1285  523583  323
Test (3D): install snapshots (disconnect+unreliable) ...
  ... Passed --  82.5  3 1517  550539  334
Test (3D): install snapshots (crash) ...
  ... Passed --  48.9  3 1070  369348  305
Test (3D): install snapshots (unreliable+crash) ...
  ... Passed --  48.7  3 1176  425123  312
Test (3D): crash and restart all servers ...
  ... Passed --  21.3  3  268   75106   63
Test (3D): snapshot initialization after crash ...
  ... Passed --   5.2  3   62   17016   14
PASS
ok  	6.5840/raft	298.131s

real	4m58.748s
user	0m12.263s
sys	0m7.431s
----------------------------------------
Running test iteration 52 for 3D
Test (3D): snapshots basic ...
  ... Passed --  10.1  3  132   45778  235
Test (3D): install snapshots (disconnect) ...
  ... Passed --  81.2  3 1272  524297  360
Test (3D): install snapshots (disconnect+unreliable) ...
  ... Passed --  73.3  3 1383  541064  346
Test (3D): install snapshots (crash) ...
  ... Passed --  47.7  3 1030  437691  332
Test (3D): install snapshots (unreliable+crash) ...
  ... Passed --  49.9  3 1174  437790  312
Test (3D): crash and restart all servers ...
  ... Passed --  22.6  3  288   80540   68
Test (3D): snapshot initialization after crash ...
  ... Passed --   5.3  3   62   17016   14
PASS
ok  	6.5840/raft	290.089s

real	4m50.718s
user	0m9.840s
sys	0m7.865s
----------------------------------------
Running test iteration 53 for 3D
Test (3D): snapshots basic ...
  ... Passed --  10.1  3  132   44978  209
Test (3D): install snapshots (disconnect) ...
  ... Passed --  76.0  3 1219  492365  335
Test (3D): install snapshots (disconnect+unreliable) ...
  ... Passed --  76.6  3 1397  555614  351
Test (3D): install snapshots (crash) ...
  ... Passed --  50.6  3 1037  449555  366
Test (3D): install snapshots (unreliable+crash) ...
  ... Passed --  51.1  3 1177  431367  315
Test (3D): crash and restart all servers ...
  ... Passed --  17.6  3  218   60858   51
Test (3D): snapshot initialization after crash ...
  ... Passed --   5.3  3   64   17556   14
PASS
ok  	6.5840/raft	287.152s

real	4m47.743s
user	0m9.109s
sys	0m6.964s
----------------------------------------
Running test iteration 54 for 3D
Test (3D): snapshots basic ...
  ... Passed --  10.3  3  134   46516  233
Test (3D): install snapshots (disconnect) ...
  ... Passed --  88.5  3 1386  531718  334
Test (3D): install snapshots (disconnect+unreliable) ...
  ... Passed --  74.6  3 1375  534907  347
Test (3D): install snapshots (crash) ...
  ... Passed --  49.2  3 1075  401917  331
Test (3D): install snapshots (unreliable+crash) ...
  ... Passed --  48.9  3 1154  454991  318
Test (3D): crash and restart all servers ...
  ... Passed --  21.3  3  277   76218   63
Test (3D): snapshot initialization after crash ...
  ... Passed --   5.2  3   64   17212   14
PASS
ok  	6.5840/raft	297.983s

real	4m58.586s
user	0m11.565s
sys	0m7.508s
----------------------------------------
Running test iteration 55 for 3D
Test (3D): snapshots basic ...
  ... Passed --  10.1  3  132   45396  219
Test (3D): install snapshots (disconnect) ...
  ... Passed --  77.3  3 1230  492471  347
Test (3D): install snapshots (disconnect+unreliable) ...
  ... Passed --  74.9  3 1390  542304  360
Test (3D): install snapshots (crash) ...
  ... Passed --  49.3  3  986  415329  346
Test (3D): install snapshots (unreliable+crash) ...
  ... Passed --  47.9  3 1045  406658  341
Test (3D): crash and restart all servers ...
  ... Passed --  26.3  3  336   95000   80
Test (3D): snapshot initialization after crash ...
  ... Passed --   5.2  3   62   16916   14
PASS
ok  	6.5840/raft	291.072s

real	4m51.668s
user	0m12.148s
sys	0m8.098s
----------------------------------------
Running test iteration 56 for 3D
Test (3D): snapshots basic ...
  ... Passed --  10.1  3  132   46718  251
Test (3D): install snapshots (disconnect) ...
  ... Passed --  81.5  3 1298  571769  350
Test (3D): install snapshots (disconnect+unreliable) ...
  ... Passed --  82.2  3 1504  584578  353
Test (3D): install snapshots (crash) ...
  ... Passed --  46.6  3 1108  414006  324
Test (3D): install snapshots (unreliable+crash) ...
  ... Passed --  50.5  3 1156  465476  366
Test (3D): crash and restart all servers ...
  ... Passed --  21.5  3  272   76546   65
Test (3D): snapshot initialization after crash ...
  ... Passed --   5.3  3   62   17016   14
PASS
ok  	6.5840/raft	297.662s

real	4m58.283s
user	0m11.013s
sys	0m6.972s
----------------------------------------
Running test iteration 57 for 3D
Test (3D): snapshots basic ...
  ... Passed --  10.1  3  132   45090  218
Test (3D): install snapshots (disconnect) ...
  ... Passed --  69.5  3 1125  467951  326
Test (3D): install snapshots (disconnect+unreliable) ...
  ... Passed --  72.0  3 1341  535411  322
Test (3D): install snapshots (crash) ...
  ... Passed --  47.4  3 1074  411023  308
Test (3D): install snapshots (unreliable+crash) ...
  ... Passed --  48.3  3 1135  428850  308
Test (3D): crash and restart all servers ...
  ... Passed --  21.8  3  276   77717   66
Test (3D): snapshot initialization after crash ...
  ... Passed --   5.2  3   62   17026   14
PASS
ok  	6.5840/raft	274.256s

real	4m34.871s
user	0m11.736s
sys	0m7.591s
----------------------------------------
Running test iteration 58 for 3D
Test (3D): snapshots basic ...
  ... Passed --  10.1  3  132   45184  214
Test (3D): install snapshots (disconnect) ...
  ... Passed --  73.5  3 1174  435907  306
Test (3D): install snapshots (disconnect+unreliable) ...
  ... Passed --  78.5  3 1449  535861  319
Test (3D): install snapshots (crash) ...
  ... Passed --  48.1  3 1003  399471  322
Test (3D): install snapshots (unreliable+crash) ...
  ... Passed --  52.4  3 1358  457161  304
Test (3D): crash and restart all servers ...
  ... Passed --  17.2  3  214   59624   50
Test (3D): snapshot initialization after crash ...
  ... Passed --   5.2  3   62   17016   14
PASS
ok  	6.5840/raft	285.128s

real	4m45.725s
user	0m9.801s
sys	0m7.581s
----------------------------------------
Running test iteration 59 for 3D
Test (3D): snapshots basic ...
  ... Passed --  10.3  3  134   45012  203
Test (3D): install snapshots (disconnect) ...
  ... Passed --  73.4  3 1170  452681  297
Test (3D): install snapshots (disconnect+unreliable) ...
  ... Passed --  82.6  3 1509  597134  355
Test (3D): install snapshots (crash) ...
  ... Passed --  49.2  3 1077  410127  346
Test (3D): install snapshots (unreliable+crash) ...
  ... Passed --  47.0  3 1035  410582  341
Test (3D): crash and restart all servers ...
  ... Passed --  22.7  3  290   81370   69
Test (3D): snapshot initialization after crash ...
  ... Passed --   5.3  3   66   17746   14
PASS
ok  	6.5840/raft	290.478s

real	4m51.100s
user	0m11.234s
sys	0m7.462s
----------------------------------------
Running test iteration 60 for 3D
Test (3D): snapshots basic ...
  ... Passed --  10.1  3  132   46056  235
Test (3D): install snapshots (disconnect) ...
  ... Passed --  75.8  3 1212  473838  332
Test (3D): install snapshots (disconnect+unreliable) ...
  ... Passed --  74.2  3 1379  510722  295
Test (3D): install snapshots (crash) ...
  ... Passed --  47.5  3 1045  388497  282
Test (3D): install snapshots (unreliable+crash) ...
  ... Passed --  49.6  3 1047  455734  335
Test (3D): crash and restart all servers ...
  ... Passed --  20.9  3  264   73960   63
Test (3D): snapshot initialization after crash ...
  ... Passed --   5.3  3   67   17876   14
PASS
ok  	6.5840/raft	283.450s

real	4m44.084s
user	0m10.244s
sys	0m7.116s
----------------------------------------
Running test iteration 61 for 3D
Test (3D): snapshots basic ...
  ... Passed --  10.3  3  134   45680  213
Test (3D): install snapshots (disconnect) ...
  ... Passed --  82.7  3 1315  533971  352
Test (3D): install snapshots (disconnect+unreliable) ...
  ... Passed --  84.3  3 1590  628237  345
Test (3D): install snapshots (crash) ...
  ... Passed --  48.2  3 1069  426257  346
Test (3D): install snapshots (unreliable+crash) ...
  ... Passed --  47.5  3 1202  450418  341
Test (3D): crash and restart all servers ...
  ... Passed --  16.8  3  210   58380   49
Test (3D): snapshot initialization after crash ...
  ... Passed --   5.5  3   66   18100   14
PASS
ok  	6.5840/raft	295.451s

real	4m56.056s
user	0m11.002s
sys	0m8.241s
----------------------------------------
Running test iteration 62 for 3D
Test (3D): snapshots basic ...
  ... Passed --  10.4  3  134   45706  220
Test (3D): install snapshots (disconnect) ...
  ... Passed --  72.9  3 1160  443409  321
Test (3D): install snapshots (disconnect+unreliable) ...
  ... Passed --  84.3  3 1558  594806  360
Test (3D): install snapshots (crash) ...
  ... Passed --  46.6  3 1116  397500  319
Test (3D): install snapshots (unreliable+crash) ...
  ... Passed --  52.8  3 1087  445622  340
Test (3D): crash and restart all servers ...
  ... Passed --  17.5  3  216   60272   51
Test (3D): snapshot initialization after crash ...
  ... Passed --   5.3  3   64   17576   14
PASS
ok  	6.5840/raft	289.959s

real	4m50.544s
user	0m13.140s
sys	0m8.079s
----------------------------------------
Running test iteration 63 for 3D
Test (3D): snapshots basic ...
  ... Passed --  10.1  3  132   45262  216
Test (3D): install snapshots (disconnect) ...
  ... Passed --  76.8  3 1226  508000  340
Test (3D): install snapshots (disconnect+unreliable) ...
  ... Passed --  85.1  3 1531  567821  345
Test (3D): install snapshots (crash) ...
  ... Passed --  46.7  3 1061  388402  311
Test (3D): install snapshots (unreliable+crash) ...
  ... Passed --  48.1  3 1091  454314  358
Test (3D): crash and restart all servers ...
  ... Passed --  22.2  3  284   78964   66
Test (3D): snapshot initialization after crash ...
  ... Passed --   5.2  3   62   17016   14
PASS
ok  	6.5840/raft	294.194s

real	4m54.842s
user	0m12.348s
sys	0m7.948s
----------------------------------------
Running test iteration 64 for 3D
Test (3D): snapshots basic ...
  ... Passed --  10.1  3  132   44494  197
Test (3D): install snapshots (disconnect) ...
  ... Passed --  74.6  3 1196  486166  347
Test (3D): install snapshots (disconnect+unreliable) ...
  ... Passed --  83.4  3 1533  602925  364
Test (3D): install snapshots (crash) ...
  ... Passed --  51.3  3 1134  427387  338
Test (3D): install snapshots (unreliable+crash) ...
  ... Passed --  50.1  3 1136  459754  355
Test (3D): crash and restart all servers ...
  ... Passed --  18.2  3  228   63816   54
Test (3D): snapshot initialization after crash ...
  ... Passed --   5.3  3   62   17004   14
PASS
ok  	6.5840/raft	292.994s

real	4m53.638s
user	0m10.323s
sys	0m8.360s
----------------------------------------
Running test iteration 65 for 3D
Test (3D): snapshots basic ...
  ... Passed --  10.1  3  132   45454  227
Test (3D): install snapshots (disconnect) ...
  ... Passed --  70.2  3 1147  467443  332
Test (3D): install snapshots (disconnect+unreliable) ...
  ... Passed --  68.8  3 1294  492213  315
Test (3D): install snapshots (crash) ...
  ... Passed --  51.3  3 1023  395079  342
Test (3D): install snapshots (unreliable+crash) ...
  ... Passed --  50.3  3 1161  455911  357
Test (3D): crash and restart all servers ...
  ... Passed --  24.9  3  320   90236   76
Test (3D): snapshot initialization after crash ...
  ... Passed --   5.3  3   62   17014   14
PASS
ok  	6.5840/raft	281.034s

real	4m41.636s
user	0m11.239s
sys	0m7.506s
----------------------------------------
Running test iteration 66 for 3D
Test (3D): snapshots basic ...
  ... Passed --  10.1  3  132   45860  237
Test (3D): install snapshots (disconnect) ...
  ... Passed --  76.4  3 1202  484636  330
Test (3D): install snapshots (disconnect+unreliable) ...
  ... Passed --  68.9  3 1282  543514  358
Test (3D): install snapshots (crash) ...
  ... Passed --  48.3  3 1009  386991  310
Test (3D): install snapshots (unreliable+crash) ...
  ... Passed --  49.5  3 1164  495655  335
Test (3D): crash and restart all servers ...
  ... Passed --  18.8  3  239   65914   55
Test (3D): snapshot initialization after crash ...
  ... Passed --   5.3  3   66   17886   14
PASS
ok  	6.5840/raft	277.336s

real	4m37.933s
user	0m9.073s
sys	0m7.068s
----------------------------------------
Running test iteration 67 for 3D
Test (3D): snapshots basic ...
  ... Passed --  10.1  3  132   44938  208
Test (3D): install snapshots (disconnect) ...
  ... Passed --  79.3  3 1265  486993  333
Test (3D): install snapshots (disconnect+unreliable) ...
  ... Passed --  77.2  3 1474  584707  362
Test (3D): install snapshots (crash) ...
  ... Passed --  47.0  3 1025  388272  313
Test (3D): install snapshots (unreliable+crash) ...
  ... Passed --  52.3  3 1174  451758  336
Test (3D): crash and restart all servers ...
  ... Passed --  18.6  3  232   65002   55
Test (3D): snapshot initialization after crash ...
  ... Passed --   5.5  3   64   17576   14
PASS
ok  	6.5840/raft	290.002s

real	4m50.620s
user	0m10.884s
sys	0m7.216s
----------------------------------------
Running test iteration 68 for 3D
Test (3D): snapshots basic ...
  ... Passed --  10.1  3  132   44122  195
Test (3D): install snapshots (disconnect) ...
  ... Passed --  82.6  3 1322  536347  376
Test (3D): install snapshots (disconnect+unreliable) ...
  ... Passed --  72.4  3 1335  519710  348
Test (3D): install snapshots (crash) ...
  ... Passed --  46.9  3 1089  397654  332
Test (3D): install snapshots (unreliable+crash) ...
  ... Passed --  50.0  3 1196  440107  320
Test (3D): crash and restart all servers ...
  ... Passed --  20.4  3  256   71648   61
Test (3D): snapshot initialization after crash ...
  ... Passed --   5.3  3   62   17028   14
PASS
ok  	6.5840/raft	287.701s

real	4m48.366s
user	0m11.218s
sys	0m7.492s
----------------------------------------
Running test iteration 69 for 3D
Test (3D): snapshots basic ...
  ... Passed --  10.1  3  132   44884  207
Test (3D): install snapshots (disconnect) ...
  ... Passed --  80.4  3 1277  547490  388
Test (3D): install snapshots (disconnect+unreliable) ...
  ... Passed --  83.4  3 1532  595853  331
Test (3D): install snapshots (crash) ...
  ... Passed --  49.9  3 1029  390922  352
Test (3D): install snapshots (unreliable+crash) ...
  ... Passed --  48.6  3 1247  432363  319
Test (3D): crash and restart all servers ...
  ... Passed --  20.6  3  262   73300   62
Test (3D): snapshot initialization after crash ...
  ... Passed --   5.3  3   64   17576   14
PASS
ok  	6.5840/raft	298.349s

real	4m58.970s
user	0m10.916s
sys	0m6.904s
----------------------------------------
Running test iteration 70 for 3D
Test (3D): snapshots basic ...
  ... Passed --  10.1  3  132   46242  240
Test (3D): install snapshots (disconnect) ...
  ... Passed --  84.3  3 1332  474444  305
Test (3D): install snapshots (disconnect+unreliable) ...
  ... Passed --  83.4  3 1549  606465  348
Test (3D): install snapshots (crash) ...
  ... Passed --  49.4  3 1064  393756  318
Test (3D): install snapshots (unreliable+crash) ...
  ... Passed --  52.0  3 1125  466298  358
Test (3D): crash and restart all servers ...
  ... Passed --  19.4  3  262   69682   57
Test (3D): snapshot initialization after crash ...
  ... Passed --   5.3  3   64   17212   14
PASS
ok  	6.5840/raft	303.907s

real	5m4.500s
user	0m10.329s
sys	0m7.058s
----------------------------------------
Running test iteration 71 for 3D
Test (3D): snapshots basic ...
  ... Passed --  10.1  3  132   45110  212
Test (3D): install snapshots (disconnect) ...
  ... Passed --  80.7  3 1274  506284  348
Test (3D): install snapshots (disconnect+unreliable) ...
  ... Passed --  73.8  3 1373  484122  317
Test (3D): install snapshots (crash) ...
  ... Passed --  47.4  3 1032  394813  334
Test (3D): install snapshots (unreliable+crash) ...
  ... Passed --  50.9  3 1003  442628  324
Test (3D): crash and restart all servers ...
  ... Passed --  17.1  3  214   59724   50
Test (3D): snapshot initialization after crash ...
  ... Passed --   5.3  3   64   17448   14
PASS
ok  	6.5840/raft	285.295s

real	4m45.881s
user	0m10.829s
sys	0m6.680s
----------------------------------------
Running test iteration 72 for 3D
Test (3D): snapshots basic ...
  ... Passed --  10.1  3  132   46080  236
Test (3D): install snapshots (disconnect) ...
  ... Passed --  78.8  3 1275  504822  334
Test (3D): install snapshots (disconnect+unreliable) ...
  ... Passed --  79.1  3 1471  568509  338
Test (3D): install snapshots (crash) ...
  ... Passed --  47.4  3 1058  383535  308
Test (3D): install snapshots (unreliable+crash) ...
  ... Passed --  50.7  3 1201  418796  319
Test (3D): crash and restart all servers ...
  ... Passed --  17.7  3  224   62292   52
Test (3D): snapshot initialization after crash ...
  ... Passed --   5.3  3   64   17576   14
PASS
ok  	6.5840/raft	289.149s

real	4m49.763s
user	0m9.150s
sys	0m6.966s
----------------------------------------
Running test iteration 73 for 3D
Test (3D): snapshots basic ...
  ... Passed --  10.1  3  132   44990  209
Test (3D): install snapshots (disconnect) ...
  ... Passed --  70.7  3 1144  520454  363
Test (3D): install snapshots (disconnect+unreliable) ...
  ... Passed --  79.1  3 1479  564239  342
Test (3D): install snapshots (crash) ...
  ... Passed --  47.6  3  979  391058  315
Test (3D): install snapshots (unreliable+crash) ...
  ... Passed --  49.8  3 1109  445349  327
Test (3D): crash and restart all servers ...
  ... Passed --  14.9  3  180   50008   42
Test (3D): snapshot initialization after crash ...
  ... Passed --   5.2  3   62   17028   14
PASS
ok  	6.5840/raft	277.369s

real	4m38.024s
user	0m10.557s
sys	0m7.575s
----------------------------------------
Running test iteration 74 for 3D
Test (3D): snapshots basic ...
  ... Passed --  10.1  3  132   45880  231
Test (3D): install snapshots (disconnect) ...
  ... Passed --  79.6  3 1251  439442  306
Test (3D): install snapshots (disconnect+unreliable) ...
  ... Passed --  77.4  3 1408  565804  340
Test (3D): install snapshots (crash) ...
  ... Passed --  46.8  3 1046  414280  356
Test (3D): install snapshots (unreliable+crash) ...
  ... Passed --  50.8  3 1195  465575  368
Test (3D): crash and restart all servers ...
  ... Passed --  20.9  3  264   74202   62
Test (3D): snapshot initialization after crash ...
  ... Passed --   5.3  3   64   17562   14
PASS
ok  	6.5840/raft	290.864s

real	4m51.498s
user	0m11.901s
sys	0m8.641s
----------------------------------------
Running test iteration 75 for 3D
Test (3D): snapshots basic ...
  ... Passed --  10.1  3  132   45480  221
Test (3D): install snapshots (disconnect) ...
  ... Passed --  83.3  3 1319  502399  339
Test (3D): install snapshots (disconnect+unreliable) ...
  ... Passed --  75.1  3 1418  538135  338
Test (3D): install snapshots (crash) ...
  ... Passed --  47.3  3 1100  391255  317
Test (3D): install snapshots (unreliable+crash) ...
  ... Passed --  48.0  3 1171  443248  343
Test (3D): crash and restart all servers ...
  ... Passed --  23.6  3  303   84322   71
Test (3D): snapshot initialization after crash ...
  ... Passed --   5.3  3   66   17764   14
PASS
ok  	6.5840/raft	292.808s

real	4m53.424s
user	0m11.308s
sys	0m7.592s
----------------------------------------
Running test iteration 76 for 3D
Test (3D): snapshots basic ...
  ... Passed --  10.1  3  132   46302  241
Test (3D): install snapshots (disconnect) ...
  ... Passed --  81.4  3 1283  521029  347
Test (3D): install snapshots (disconnect+unreliable) ...
  ... Passed --  73.1  3 1365  508723  337
Test (3D): install snapshots (crash) ...
  ... Passed --  48.9  3 1130  432443  340
Test (3D): install snapshots (unreliable+crash) ...
  ... Passed --  51.3  3 1124  453729  328
Test (3D): crash and restart all servers ...
  ... Passed --  18.2  3  228   63832   54
Test (3D): snapshot initialization after crash ...
  ... Passed --   5.5  3   64   17574   14
PASS
ok  	6.5840/raft	288.449s

real	4m49.112s
user	0m9.396s
sys	0m7.557s
----------------------------------------
Running test iteration 77 for 3D
Test (3D): snapshots basic ...
  ... Passed --  10.1  3  132   45372  225
Test (3D): install snapshots (disconnect) ...
  ... Passed --  79.1  3 1261  492523  337
Test (3D): install snapshots (disconnect+unreliable) ...
  ... Passed --  70.7  3 1307  508897  345
Test (3D): install snapshots (crash) ...
  ... Passed --  46.4  3 1025  401484  354
Test (3D): install snapshots (unreliable+crash) ...
  ... Passed --  52.5  3 1159  444086  328
Test (3D): crash and restart all servers ...
  ... Passed --  19.7  3  242   67680   57
Test (3D): snapshot initialization after crash ...
  ... Passed --   5.3  3   62   16918   14
PASS
ok  	6.5840/raft	283.822s

real	4m44.515s
user	0m11.295s
sys	0m7.836s
----------------------------------------
Running test iteration 78 for 3D
Test (3D): snapshots basic ...
  ... Passed --  10.3  3  134   45780  222
Test (3D): install snapshots (disconnect) ...
  ... Passed --  74.2  3 1188  464376  325
Test (3D): install snapshots (disconnect+unreliable) ...
  ... Passed --  78.7  3 1445  540097  336
Test (3D): install snapshots (crash) ...
  ... Passed --  48.3  3 1126  405918  330
Test (3D): install snapshots (unreliable+crash) ...
  ... Passed --  51.8  3 1164  431022  321
Test (3D): crash and restart all servers ...
  ... Passed --  21.2  3  264   74088   63
Test (3D): snapshot initialization after crash ...
  ... Passed --   5.3  3   64   17556   14
PASS
ok  	6.5840/raft	289.785s

real	4m50.423s
user	0m12.078s
sys	0m8.852s
----------------------------------------
Running test iteration 79 for 3D
Test (3D): snapshots basic ...
  ... Passed --  10.1  3  132   45616  224
Test (3D): install snapshots (disconnect) ...
  ... Passed --  71.9  3 1151  448034  314
Test (3D): install snapshots (disconnect+unreliable) ...
  ... Passed --  77.5  3 1428  542479  328
Test (3D): install snapshots (crash) ...
  ... Passed --  46.6  3  996  400720  334
Test (3D): install snapshots (unreliable+crash) ...
  ... Passed --  49.3  3 1028  451679  343
Test (3D): crash and restart all servers ...
  ... Passed --  18.0  3  224   62612   52
Test (3D): snapshot initialization after crash ...
  ... Passed --   5.3  3   62   16916   14
PASS
ok  	6.5840/raft	278.767s

real	4m39.399s
user	0m9.758s
sys	0m7.319s
----------------------------------------
Running test iteration 80 for 3D
Test (3D): snapshots basic ...
  ... Passed --  10.1  3  132   45668  232
Test (3D): install snapshots (disconnect) ...
  ... Passed --  64.8  3 1073  442555  323
Test (3D): install snapshots (disconnect+unreliable) ...
  ... Passed --  73.1  3 1381  524526  331
Test (3D): install snapshots (crash) ...
  ... Passed --  47.0  3  970  380475  318
Test (3D): install snapshots (unreliable+crash) ...
  ... Passed --  48.5  3 1218  473808  357
Test (3D): crash and restart all servers ...
  ... Passed --  20.4  3  258   72186   60
Test (3D): snapshot initialization after crash ...
  ... Passed --   5.2  3   62   17004   14
PASS
ok  	6.5840/raft	269.128s

real	4m29.888s
user	0m10.077s
sys	0m7.019s
----------------------------------------
Running test iteration 81 for 3D
Test (3D): snapshots basic ...
  ... Passed --  10.1  3  132   44516  204
Test (3D): install snapshots (disconnect) ...
  ... Passed --  80.1  3 1268  493904  345
Test (3D): install snapshots (disconnect+unreliable) ...
  ... Passed --  76.4  3 1458  546950  324
Test (3D): install snapshots (crash) ...
  ... Passed --  46.9  3 1057  437278  355
Test (3D): install snapshots (unreliable+crash) ...
  ... Passed --  48.0  3 1164  434214  307
Test (3D): crash and restart all servers ...
  ... Passed --  18.3  3  232   64594   53
Test (3D): snapshot initialization after crash ...
  ... Passed --   5.2  3   62   16916   14
PASS
ok  	6.5840/raft	284.987s

real	4m45.609s
user	0m11.207s
sys	0m7.518s
----------------------------------------
Running test iteration 82 for 3D
Test (3D): snapshots basic ...
  ... Passed --  10.3  3  132   45496  221
Test (3D): install snapshots (disconnect) ...
  ... Passed --  75.6  3 1211  477220  338
Test (3D): install snapshots (disconnect+unreliable) ...
  ... Passed --  83.7  3 1564  574734  319
Test (3D): install snapshots (crash) ...
  ... Passed --  49.0  3  970  383784  341
Test (3D): install snapshots (unreliable+crash) ...
  ... Passed --  50.7  3 1187  445700  357
Test (3D): crash and restart all servers ...
  ... Passed --  20.4  3  268   73328   61
Test (3D): snapshot initialization after crash ...
  ... Passed --   5.2  3   62   17028   14
PASS
ok  	6.5840/raft	294.868s

real	4m55.501s
user	0m10.053s
sys	0m7.375s
----------------------------------------
Running test iteration 83 for 3D
Test (3D): snapshots basic ...
  ... Passed --  10.3  3  132   44930  208
Test (3D): install snapshots (disconnect) ...
  ... Passed --  78.1  3 1237  456778  320
Test (3D): install snapshots (disconnect+unreliable) ...
  ... Passed --  75.8  3 1406  506026  305
Test (3D): install snapshots (crash) ...
  ... Passed --  49.5  3 1099  395891  307
Test (3D): install snapshots (unreliable+crash) ...
  ... Passed --  49.6  3 1204  459079  324
Test (3D): crash and restart all servers ...
  ... Passed --  17.2  3  223   61170   50
Test (3D): snapshot initialization after crash ...
  ... Passed --   5.3  3   62   17014   14
PASS
ok  	6.5840/raft	285.807s

real	4m46.404s
user	0m10.411s
sys	0m7.773s
----------------------------------------
Running test iteration 84 for 3D
Test (3D): snapshots basic ...
  ... Passed --  10.1  3  132   45470  221
Test (3D): install snapshots (disconnect) ...
  ... Passed --  76.1  3 1200  481159  364
Test (3D): install snapshots (disconnect+unreliable) ...
  ... Passed --  75.3  3 1440  595377  353
Test (3D): install snapshots (crash) ...
  ... Passed --  48.5  3 1083  391952  324
Test (3D): install snapshots (unreliable+crash) ...
  ... Passed --  49.3  3 1184  434939  357
Test (3D): crash and restart all servers ...
  ... Passed --  17.6  3  216   60416   51
Test (3D): snapshot initialization after crash ...
  ... Passed --   5.2  3   62   17016   14
PASS
ok  	6.5840/raft	282.119s

real	4m42.733s
user	0m9.928s
sys	0m7.458s
----------------------------------------
Running test iteration 85 for 3D
Test (3D): snapshots basic ...
  ... Passed --  10.4  3  134   45572  210
Test (3D): install snapshots (disconnect) ...
  ... Passed --  87.8  3 1382  525444  347
Test (3D): install snapshots (disconnect+unreliable) ...
  ... Passed --  82.9  3 1565  596606  360
Test (3D): install snapshots (crash) ...
  ... Passed --  48.8  3 1041  427795  350
Test (3D): install snapshots (unreliable+crash) ...
  ... Passed --  50.5  3 1190  424094  327
Test (3D): crash and restart all servers ...
  ... Passed --  21.5  3  268   75204   64
Test (3D): snapshot initialization after crash ...
  ... Passed --   5.5  3   66   17982   14
PASS
ok  	6.5840/raft	307.435s

real	5m8.039s
user	0m11.377s
sys	0m7.560s
----------------------------------------
Running test iteration 86 for 3D
Test (3D): snapshots basic ...
  ... Passed --  10.1  3  132   45782  228
Test (3D): install snapshots (disconnect) ...
  ... Passed --  68.9  3 1110  478705  365
Test (3D): install snapshots (disconnect+unreliable) ...
  ... Passed --  70.9  3 1328  525043  320
Test (3D): install snapshots (crash) ...
  ... Passed --  49.0  3 1056  424742  336
Test (3D): install snapshots (unreliable+crash) ...
  ... Passed --  49.6  3 1211  486608  366
Test (3D): crash and restart all servers ...
  ... Passed --  20.1  3  254   71084   60
Test (3D): snapshot initialization after crash ...
  ... Passed --   5.3  3   64   17460   14
PASS
ok  	6.5840/raft	273.904s

real	4m34.522s
user	0m10.408s
sys	0m7.146s
----------------------------------------
Running test iteration 87 for 3D
Test (3D): snapshots basic ...
  ... Passed --  10.1  3  132   45050  211
Test (3D): install snapshots (disconnect) ...
  ... Passed --  78.4  3 1267  479468  308
Test (3D): install snapshots (disconnect+unreliable) ...
  ... Passed --  78.6  3 1471  551768  338
Test (3D): install snapshots (crash) ...
  ... Passed --  46.4  3 1056  410017  343
Test (3D): install snapshots (unreliable+crash) ...
  ... Passed --  48.9  3 1208  447570  344
Test (3D): crash and restart all servers ...
  ... Passed --  19.2  3  238   66448   56
Test (3D): snapshot initialization after crash ...
  ... Passed --   5.3  3   64   17460   14
PASS
ok  	6.5840/raft	286.932s

real	4m47.549s
user	0m12.371s
sys	0m7.897s
----------------------------------------
Running test iteration 88 for 3D
Test (3D): snapshots basic ...
  ... Passed --  10.1  3  132   45940  232
Test (3D): install snapshots (disconnect) ...
  ... Passed --  86.5  3 1347  521253  348
Test (3D): install snapshots (disconnect+unreliable) ...
  ... Passed --  77.5  3 1433  517327  308
Test (3D): install snapshots (crash) ...
  ... Passed --  46.7  3 1080  392537  330
Test (3D): install snapshots (unreliable+crash) ...
  ... Passed --  48.5  3 1159  442226  314
Test (3D): crash and restart all servers ...
  ... Passed --  17.6  3  225   61902   51
Test (3D): snapshot initialization after crash ...
  ... Passed --   5.3  3   64   17476   14
PASS
ok  	6.5840/raft	292.243s

real	4m52.919s
user	0m11.768s
sys	0m8.008s
----------------------------------------
Running test iteration 89 for 3D
Test (3D): snapshots basic ...
  ... Passed --  10.3  3  134   45844  217
Test (3D): install snapshots (disconnect) ...
  ... Passed --  77.6  3 1234  493562  321
Test (3D): install snapshots (disconnect+unreliable) ...
  ... Passed --  73.0  3 1392  514105  335
Test (3D): install snapshots (crash) ...
  ... Passed --  49.3  3 1115  449558  352
Test (3D): install snapshots (unreliable+crash) ...
  ... Passed --  48.7  3 1219  447533  345
Test (3D): crash and restart all servers ...
  ... Passed --  17.9  3  222   61892   52
Test (3D): snapshot initialization after crash ...
  ... Passed --   5.5  3   62   16916   14
PASS
ok  	6.5840/raft	282.230s

real	4m42.885s
user	0m10.813s
sys	0m7.912s
----------------------------------------
Running test iteration 90 for 3D
Test (3D): snapshots basic ...
  ... Passed --  10.1  3  132   45582  223
Test (3D): install snapshots (disconnect) ...
  ... Passed --  74.7  3 1196  482321  309
Test (3D): install snapshots (disconnect+unreliable) ...
  ... Passed --  77.3  3 1457  526292  310
Test (3D): install snapshots (crash) ...
  ... Passed --  46.1  3 1043  416997  340
Test (3D): install snapshots (unreliable+crash) ...
  ... Passed --  52.1  3 1174  455358  348
Test (3D): crash and restart all servers ...
  ... Passed --  18.4  3  239   65754   55
Test (3D): snapshot initialization after crash ...
  ... Passed --   5.3  3   64   17576   14
PASS
ok  	6.5840/raft	284.024s

real	4m44.672s
user	0m10.450s
sys	0m7.399s
----------------------------------------
Running test iteration 91 for 3D
Test (3D): snapshots basic ...
  ... Passed --  10.2  3  134   46376  230
Test (3D): install snapshots (disconnect) ...
  ... Passed --  73.9  3 1193  462787  333
Test (3D): install snapshots (disconnect+unreliable) ...
  ... Passed --  76.6  3 1424  562938  343
Test (3D): install snapshots (crash) ...
  ... Passed --  47.2  3 1049  391573  314
Test (3D): install snapshots (unreliable+crash) ...
  ... Passed --  48.2  3 1028  407997  326
Test (3D): crash and restart all servers ...
  ... Passed --  17.9  3  224   62652   52
Test (3D): snapshot initialization after crash ...
  ... Passed --   5.2  3   62   16904   14
PASS
ok  	6.5840/raft	279.132s

real	4m39.753s
user	0m9.673s
sys	0m7.014s
----------------------------------------
Running test iteration 92 for 3D
Test (3D): snapshots basic ...
  ... Passed --  10.3  3  134   45522  215
Test (3D): install snapshots (disconnect) ...
  ... Passed --  80.2  3 1265  493072  351
Test (3D): install snapshots (disconnect+unreliable) ...
  ... Passed --  71.9  3 1361  515651  339
Test (3D): install snapshots (crash) ...
  ... Passed --  46.3  3 1020  375881  328
Test (3D): install snapshots (unreliable+crash) ...
  ... Passed --  48.6  3 1127  457595  351
Test (3D): crash and restart all servers ...
  ... Passed --  20.9  3  266   74166   62
Test (3D): snapshot initialization after crash ...
  ... Passed --   5.5  3   64   17464   14
PASS
ok  	6.5840/raft	283.589s

real	4m44.219s
user	0m10.464s
sys	0m6.990s
----------------------------------------
Running test iteration 93 for 3D
Test (3D): snapshots basic ...
  ... Passed --  10.1  3  132   44572  205
Test (3D): install snapshots (disconnect) ...
  ... Passed --  85.4  3 1362  533391  351
Test (3D): install snapshots (disconnect+unreliable) ...
  ... Passed --  78.7  3 1471  564110  328
Test (3D): install snapshots (crash) ...
  ... Passed --  46.4  3 1125  390164  303
Test (3D): install snapshots (unreliable+crash) ...
  ... Passed --  47.2  3 1058  420392  340
Test (3D): crash and restart all servers ...
  ... Passed --  21.3  3  272   76256   64
Test (3D): snapshot initialization after crash ...
  ... Passed --   5.3  3   64   17576   14
PASS
ok  	6.5840/raft	294.534s

real	4m55.181s
user	0m10.741s
sys	0m7.169s
----------------------------------------
Running test iteration 94 for 3D
Test (3D): snapshots basic ...
  ... Passed --  10.3  3  134   46314  235
Test (3D): install snapshots (disconnect) ...
  ... Passed --  79.9  3 1271  492456  349
Test (3D): install snapshots (disconnect+unreliable) ...
  ... Passed --  78.7  3 1466  520158  318
Test (3D): install snapshots (crash) ...
  ... Passed --  46.9  3 1180  393703  331
Test (3D): install snapshots (unreliable+crash) ...
  ... Passed --  49.0  3 1136  442164  327
Test (3D): crash and restart all servers ...
  ... Passed --  19.1  3  240   67252   57
Test (3D): snapshot initialization after crash ...
  ... Passed --   5.3  3   62   17016   14
PASS
ok  	6.5840/raft	289.154s

real	4m49.813s
user	0m11.837s
sys	0m8.445s
----------------------------------------
Running test iteration 95 for 3D
Test (3D): snapshots basic ...
  ... Passed --  10.1  3  132   45346  218
Test (3D): install snapshots (disconnect) ...
  ... Passed --  75.5  3 1196  472911  342
Test (3D): install snapshots (disconnect+unreliable) ...
  ... Passed --  72.7  3 1376  529965  339
Test (3D): install snapshots (crash) ...
  ... Passed --  48.2  3 1121  427937  345
Test (3D): install snapshots (unreliable+crash) ...
  ... Passed --  48.3  3 1165  459706  331
Test (3D): crash and restart all servers ...
  ... Passed --  17.6  3  214   59794   50
Test (3D): snapshot initialization after crash ...
  ... Passed --   5.2  3   62   17028   14
PASS
ok  	6.5840/raft	277.646s

real	4m38.277s
user	0m10.438s
sys	0m7.464s
----------------------------------------
Running test iteration 96 for 3D
Test (3D): snapshots basic ...
  ... Passed --  10.1  3  132   46618  255
Test (3D): install snapshots (disconnect) ...
  ... Passed --  74.6  3 1207  482811  373
Test (3D): install snapshots (disconnect+unreliable) ...
  ... Passed --  84.0  3 1534  580070  370
Test (3D): install snapshots (crash) ...
  ... Passed --  45.4  3 1045  394867  352
Test (3D): install snapshots (unreliable+crash) ...
  ... Passed --  49.7  3 1074  455725  351
Test (3D): crash and restart all servers ...
  ... Passed --  18.5  3  231   64024   52
Test (3D): snapshot initialization after crash ...
  ... Passed --   5.2  3   62   17028   14
PASS
ok  	6.5840/raft	287.473s

real	4m48.112s
user	0m9.737s
sys	0m7.710s
----------------------------------------
Running test iteration 97 for 3D
Test (3D): snapshots basic ...
  ... Passed --  10.3  3  132   45224  215
Test (3D): install snapshots (disconnect) ...
  ... Passed --  78.2  3 1238  510898  345
Test (3D): install snapshots (disconnect+unreliable) ...
  ... Passed --  70.6  3 1336  493747  337
Test (3D): install snapshots (crash) ...
  ... Passed --  47.3  3 1098  428369  324
Test (3D): install snapshots (unreliable+crash) ...
  ... Passed --  52.5  3 1094  435879  340
Test (3D): crash and restart all servers ...
  ... Passed --  21.3  3  268   75200   64
Test (3D): snapshot initialization after crash ...
  ... Passed --   5.4  3   64   17576   14
PASS
ok  	6.5840/raft	285.638s

real	4m46.288s
user	0m12.254s
sys	0m7.945s
----------------------------------------
Running test iteration 98 for 3D
Test (3D): snapshots basic ...
  ... Passed --  10.3  3  134   47240  251
Test (3D): install snapshots (disconnect) ...
  ... Passed --  77.3  3 1228  500624  359
Test (3D): install snapshots (disconnect+unreliable) ...
  ... Passed --  76.0  3 1424  546359  344
Test (3D): install snapshots (crash) ...
  ... Passed --  49.6  3 1016  399022  367
Test (3D): install snapshots (unreliable+crash) ...
  ... Passed --  52.8  3 1270  487894  340
Test (3D): crash and restart all servers ...
  ... Passed --  19.4  3  242   67708   56
Test (3D): snapshot initialization after crash ...
  ... Passed --   5.3  3   66   17648   14
PASS
ok  	6.5840/raft	290.722s

real	4m51.351s
user	0m9.208s
sys	0m7.262s
----------------------------------------
Running test iteration 99 for 3D
Test (3D): snapshots basic ...
  ... Passed --  10.1  3  132   44478  197
Test (3D): install snapshots (disconnect) ...
  ... Passed --  75.3  3 1210  498283  372
Test (3D): install snapshots (disconnect+unreliable) ...
  ... Passed --  70.8  3 1336  551926  364
Test (3D): install snapshots (crash) ...
  ... Passed --  47.5  3 1097  389643  321
Test (3D): install snapshots (unreliable+crash) ...
  ... Passed --  51.2  3 1197  470028  332
Test (3D): crash and restart all servers ...
  ... Passed --  21.6  3  274   76892   64
Test (3D): snapshot initialization after crash ...
  ... Passed --   5.3  3   64   17560   14
PASS
ok  	6.5840/raft	281.825s

real	4m42.475s
user	0m11.237s
sys	0m7.620s
----------------------------------------
Running test iteration 100 for 3D
Test (3D): snapshots basic ...
  ... Passed --  10.1  3  132   45596  223
Test (3D): install snapshots (disconnect) ...
  ... Passed --  83.8  3 1307  492643  337
Test (3D): install snapshots (disconnect+unreliable) ...
  ... Passed --  70.6  3 1327  522553  340
Test (3D): install snapshots (crash) ...
  ... Passed --  49.4  3 1088  451449  352
Test (3D): install snapshots (unreliable+crash) ...
  ... Passed --  48.8  3 1110  435498  334
Test (3D): crash and restart all servers ...
  ... Passed --  19.5  3  246   68864   58
Test (3D): snapshot initialization after crash ...
  ... Passed --   5.3  3   62   17004   14
PASS
ok  	6.5840/raft	287.516s

real	4m48.176s
user	0m9.105s
sys	0m7.211s
----------------------------------------
All 3D test runs completed successfully.
