Running test iteration 1 for 4B
Test: InstallSnapshot RPC (4B) ...
  ... Passed --   3.3  3  7402   63
Test: snapshot size is reasonable (4B) ...
  ... Passed --   0.6  3  8133  800
Test: ops complete fast enough (4B) ...
  ... Passed --   0.6  3  8597    0
Test: restarts, snapshots, one client (4B) ...
  ... Passed --  22.3  5 441111 48139
Test: restarts, snapshots, many clients (4B) ...
  ... Passed --  19.8  5 387385 46100
Test: unreliable net, snapshots, many clients (4B) ...
  ... Passed --  15.8  5 23997 1959
Test: unreliable net, restarts, snapshots, many clients (4B) ...
  ... Passed --  20.4  5 25083 2000
Test: unreliable net, restarts, partitions, snapshots, many clients (4B) ...
  ... Passed --  28.7  5 48871 1003
Test: unreliable net, restarts, partitions, snapshots, random keys, many clients (4B) ...
  ... Passed --  31.2  7 130632 3373
PASS
ok  	6.5840/kvraft	142.747s

real	2m36.842s
user	2m26.627s
sys	0m15.768s
----------------------------------------
Running test iteration 2 for 4B
Test: InstallSnapshot RPC (4B) ...
  ... Passed --   1.8  3  6608   63
Test: snapshot size is reasonable (4B) ...
  ... Passed --   0.5  3  7712  800
Test: ops complete fast enough (4B) ...
  ... Passed --   0.7  3  9049    0
Test: restarts, snapshots, one client (4B) ...
  ... Passed --  22.5  5 447101 48769
Test: restarts, snapshots, many clients (4B) ...
  ... Passed --  19.4  5 371078 48263
Test: unreliable net, snapshots, many clients (4B) ...
  ... Passed --  15.8  5 23240 1882
Test: unreliable net, restarts, snapshots, many clients (4B) ...
  ... Passed --  20.8  5 25001 1945
Test: unreliable net, restarts, partitions, snapshots, many clients (4B) ...
  ... Passed --  29.0  5 39374  860
Test: unreliable net, restarts, partitions, snapshots, random keys, many clients (4B) ...
  ... Passed --  30.5  7 157610 3784
PASS
ok  	6.5840/kvraft	140.961s

real	2m32.301s
user	2m26.030s
sys	0m15.089s
----------------------------------------
Running test iteration 3 for 4B
Test: InstallSnapshot RPC (4B) ...
  ... Passed --   3.1  3  9204   63
Test: snapshot size is reasonable (4B) ...
  ... Passed --   0.6  3  8178  800
Test: ops complete fast enough (4B) ...
  ... Passed --   0.6  3  8760    0
Test: restarts, snapshots, one client (4B) ...
  ... Passed --  22.2  5 443795 48422
Test: restarts, snapshots, many clients (4B) ...
  ... Passed --  20.0  5 426178 47177
Test: unreliable net, snapshots, many clients (4B) ...
  ... Passed --  15.5  5 23088 1858
Test: unreliable net, restarts, snapshots, many clients (4B) ...
  ... Passed --  20.9  5 24619 1935
Test: unreliable net, restarts, partitions, snapshots, many clients (4B) ...
  ... Passed --  29.8  5 82274 1445
Test: unreliable net, restarts, partitions, snapshots, random keys, many clients (4B) ...
  ... Passed --  31.5  7 131049 3335
PASS
ok  	6.5840/kvraft	144.284s

real	2m38.376s
user	2m29.287s
sys	0m15.756s
----------------------------------------
Running test iteration 4 for 4B
Test: InstallSnapshot RPC (4B) ...
  ... Passed --   2.0  3  7392   63
Test: snapshot size is reasonable (4B) ...
  ... Passed --   0.6  3  8316  800
Test: ops complete fast enough (4B) ...
  ... Passed --   0.6  3  8523    0
Test: restarts, snapshots, one client (4B) ...
  ... Passed --  22.6  5 452944 49002
Test: restarts, snapshots, many clients (4B) ...
  ... Passed --  19.2  5 368655 47950
Test: unreliable net, snapshots, many clients (4B) ...
  ... Passed --  16.0  5 23819 1926
Test: unreliable net, restarts, snapshots, many clients (4B) ...
  ... Passed --  21.3  5 24541 1904
Test: unreliable net, restarts, partitions, snapshots, many clients (4B) ...
  ... Passed --  29.2  5 67166 1263
Test: unreliable net, restarts, partitions, snapshots, random keys, many clients (4B) ...
  ... Passed --  31.5  7 136067 3099
PASS
ok  	6.5840/kvraft	143.073s

real	2m33.771s
user	2m25.405s
sys	0m14.676s
----------------------------------------
Running test iteration 5 for 4B
Test: InstallSnapshot RPC (4B) ...
  ... Passed --   1.9  3  6009   63
Test: snapshot size is reasonable (4B) ...
  ... Passed --   0.6  3  9009  800
Test: ops complete fast enough (4B) ...
  ... Passed --   0.8  3 10359    0
Test: restarts, snapshots, one client (4B) ...
  ... Passed --  22.4  5 462624 50601
Test: restarts, snapshots, many clients (4B) ...
  ... Passed --  19.7  5 362022 44922
Test: unreliable net, snapshots, many clients (4B) ...
  ... Passed --  15.8  5 23923 1939
Test: unreliable net, restarts, snapshots, many clients (4B) ...
  ... Passed --  20.0  5 24228 1930
Test: unreliable net, restarts, partitions, snapshots, many clients (4B) ...
  ... Passed --  29.0  5 58150 1261
Test: unreliable net, restarts, partitions, snapshots, random keys, many clients (4B) ...
  ... Passed --  30.6  7 150296 3605
PASS
ok  	6.5840/kvraft	140.886s

real	2m24.537s
user	2m24.090s
sys	0m16.069s
----------------------------------------
Running test iteration 6 for 4B
Test: InstallSnapshot RPC (4B) ...
  ... Passed --   1.8  3  6252   63
Test: snapshot size is reasonable (4B) ...
  ... Passed --   0.7  3  8418  800
Test: ops complete fast enough (4B) ...
  ... Passed --   0.6  3  8432    0
Test: restarts, snapshots, one client (4B) ...
  ... Passed --  22.7  5 412531 44411
Test: restarts, snapshots, many clients (4B) ...
  ... Passed --  19.4  5 335158 42490
Test: unreliable net, snapshots, many clients (4B) ...
  ... Passed --  15.9  5 23732 1932
Test: unreliable net, restarts, snapshots, many clients (4B) ...
  ... Passed --  20.3  5 24466 1919
Test: unreliable net, restarts, partitions, snapshots, many clients (4B) ...
  ... Passed --  30.2  5 59508 1405
Test: unreliable net, restarts, partitions, snapshots, random keys, many clients (4B) ...
  ... Passed --  29.8  7 151861 2926
PASS
ok  	6.5840/kvraft	141.411s

real	2m21.707s
user	2m17.849s
sys	0m14.385s
----------------------------------------
Running test iteration 7 for 4B
Test: InstallSnapshot RPC (4B) ...
  ... Passed --   2.5  3  5750   63
Test: snapshot size is reasonable (4B) ...
  ... Passed --   0.6  3  8542  800
Test: ops complete fast enough (4B) ...
  ... Passed --   0.6  3  8415    0
Test: restarts, snapshots, one client (4B) ...
  ... Passed --  22.2  5 422263 46206
Test: restarts, snapshots, many clients (4B) ...
  ... Passed --  20.2  5 386017 46564
Test: unreliable net, snapshots, many clients (4B) ...
  ... Passed --  15.9  5 23260 1893
Test: unreliable net, restarts, snapshots, many clients (4B) ...
  ... Passed --  20.6  5 24596 1960
Test: unreliable net, restarts, partitions, snapshots, many clients (4B) ...
  ... Passed --  29.4  5 59388 1536
Test: unreliable net, restarts, partitions, snapshots, random keys, many clients (4B) ...
  ... Passed --  30.5  7 116004 3297
PASS
ok  	6.5840/kvraft	142.575s

real	2m22.874s
user	2m20.217s
sys	0m13.834s
----------------------------------------
Running test iteration 8 for 4B
Test: InstallSnapshot RPC (4B) ...
  ... Passed --   1.9  3  5489   63
Test: snapshot size is reasonable (4B) ...
  ... Passed --   0.6  3  7421  800
Test: ops complete fast enough (4B) ...
  ... Passed --   0.7  3  8900    0
Test: restarts, snapshots, one client (4B) ...
  ... Passed --  22.9  5 414655 44488
Test: restarts, snapshots, many clients (4B) ...
  ... Passed --  21.2  5 452515 44647
Test: unreliable net, snapshots, many clients (4B) ...
  ... Passed --  16.0  5 23619 1916
Test: unreliable net, restarts, snapshots, many clients (4B) ...
  ... Passed --  20.7  5 24861 1948
Test: unreliable net, restarts, partitions, snapshots, many clients (4B) ...
  ... Passed --  29.0  5 58185 1387
Test: unreliable net, restarts, partitions, snapshots, random keys, many clients (4B) ...
  ... Passed --  30.8  7 141048 3445
PASS
ok  	6.5840/kvraft	143.854s

real	2m24.235s
user	2m24.636s
sys	0m14.511s
----------------------------------------
Running test iteration 9 for 4B
Test: InstallSnapshot RPC (4B) ...
  ... Passed --   3.6  3  9565   63
Test: snapshot size is reasonable (4B) ...
  ... Passed --   0.7  3  8198  800
Test: ops complete fast enough (4B) ...
  ... Passed --   1.2  3 13486    0
Test: restarts, snapshots, one client (4B) ...
  ... Passed --  22.3  5 404553 43871
Test: restarts, snapshots, many clients (4B) ...
  ... Passed --  19.8  5 392497 45763
Test: unreliable net, snapshots, many clients (4B) ...
  ... Passed --  15.7  5 23226 1915
Test: unreliable net, restarts, snapshots, many clients (4B) ...
  ... Passed --  21.1  5 24168 1857
Test: unreliable net, restarts, partitions, snapshots, many clients (4B) ...
  ... Passed --  29.1  5 67574 1144
Test: unreliable net, restarts, partitions, snapshots, random keys, many clients (4B) ...
  ... Passed --  31.7  7 158648 3684
PASS
ok  	6.5840/kvraft	145.299s

real	2m25.609s
user	2m20.579s
sys	0m14.530s
----------------------------------------
Running test iteration 10 for 4B
Test: InstallSnapshot RPC (4B) ...
  ... Passed --   2.4  3  6689   63
Test: snapshot size is reasonable (4B) ...
  ... Passed --   0.7  3  8552  800
Test: ops complete fast enough (4B) ...
  ... Passed --   0.9  3 10340    0
Test: restarts, snapshots, one client (4B) ...
  ... Passed --  22.2  5 411467 44865
Test: restarts, snapshots, many clients (4B) ...
  ... Passed --  19.9  5 360813 46653
Test: unreliable net, snapshots, many clients (4B) ...
  ... Passed --  15.6  5 23340 1915
Test: unreliable net, restarts, snapshots, many clients (4B) ...
  ... Passed --  20.5  5 24396 1903
Test: unreliable net, restarts, partitions, snapshots, many clients (4B) ...
  ... Passed --  29.6  5 74766 1664
Test: unreliable net, restarts, partitions, snapshots, random keys, many clients (4B) ...
  ... Passed --  30.5  7 122335 3473
PASS
ok  	6.5840/kvraft	142.118s

real	2m22.455s
user	2m18.080s
sys	0m13.758s
----------------------------------------
Running test iteration 11 for 4B
Test: InstallSnapshot RPC (4B) ...
  ... Passed --   2.4  3  5792   63
Test: snapshot size is reasonable (4B) ...
  ... Passed --   0.6  3  7404  800
Test: ops complete fast enough (4B) ...
  ... Passed --   1.1  3 12618    0
Test: restarts, snapshots, one client (4B) ...
  ... Passed --  22.4  5 395750 42719
Test: restarts, snapshots, many clients (4B) ...
  ... Passed --  19.7  5 341579 45052
Test: unreliable net, snapshots, many clients (4B) ...
  ... Passed --  15.7  5 23990 1974
Test: unreliable net, restarts, snapshots, many clients (4B) ...
  ... Passed --  20.2  5 24645 1967
Test: unreliable net, restarts, partitions, snapshots, many clients (4B) ...
  ... Passed --  29.2  5 50264 1287
Test: unreliable net, restarts, partitions, snapshots, random keys, many clients (4B) ...
  ... Passed --  30.7  7 147712 4023
PASS
ok  	6.5840/kvraft	142.140s

real	2m22.395s
user	2m20.471s
sys	0m13.477s
----------------------------------------
Running test iteration 12 for 4B
Test: InstallSnapshot RPC (4B) ...
  ... Passed --   1.9  3  5846   63
Test: snapshot size is reasonable (4B) ...
  ... Passed --   0.6  3  7981  800
Test: ops complete fast enough (4B) ...
  ... Passed --   0.8  3  9958    0
Test: restarts, snapshots, one client (4B) ...
  ... Passed --  22.3  5 431291 47142
Test: restarts, snapshots, many clients (4B) ...
  ... Passed --  19.3  5 378956 49706
Test: unreliable net, snapshots, many clients (4B) ...
  ... Passed --  16.0  5 23733 1930
Test: unreliable net, restarts, snapshots, many clients (4B) ...
  ... Passed --  20.2  5 24744 1997
Test: unreliable net, restarts, partitions, snapshots, many clients (4B) ...
  ... Passed --  29.2  5 68363 1649
Test: unreliable net, restarts, partitions, snapshots, random keys, many clients (4B) ...
  ... Passed --  31.1  7 148731 2571
PASS
ok  	6.5840/kvraft	141.470s

real	2m21.760s
user	2m16.573s
sys	0m13.657s
----------------------------------------
Running test iteration 13 for 4B
Test: InstallSnapshot RPC (4B) ...
  ... Passed --   2.4  3  7040   63
Test: snapshot size is reasonable (4B) ...
  ... Passed --   0.6  3  7473  800
Test: ops complete fast enough (4B) ...
  ... Passed --   0.7  3  9458    0
Test: restarts, snapshots, one client (4B) ...
  ... Passed --  22.6  5 432549 46809
Test: restarts, snapshots, many clients (4B) ...
  ... Passed --  19.3  5 362362 46248
Test: unreliable net, snapshots, many clients (4B) ...
  ... Passed --  15.7  5 23558 1900
Test: unreliable net, restarts, snapshots, many clients (4B) ...
  ... Passed --  20.4  5 24702 1941
Test: unreliable net, restarts, partitions, snapshots, many clients (4B) ...
  ... Passed --  29.2  5 61655 1314
Test: unreliable net, restarts, partitions, snapshots, random keys, many clients (4B) ...
  ... Passed --  30.4  7 151470 3357
PASS
ok  	6.5840/kvraft	141.498s

real	2m21.787s
user	2m16.617s
sys	0m14.842s
----------------------------------------
Running test iteration 14 for 4B
Test: InstallSnapshot RPC (4B) ...
  ... Passed --   2.5  3  6877   63
Test: snapshot size is reasonable (4B) ...
  ... Passed --   0.6  3  7149  800
Test: ops complete fast enough (4B) ...
  ... Passed --   0.6  3  8181    0
Test: restarts, snapshots, one client (4B) ...
  ... Passed --  22.2  5 422546 46160
Test: restarts, snapshots, many clients (4B) ...
  ... Passed --  19.7  5 364267 43941
Test: unreliable net, snapshots, many clients (4B) ...
  ... Passed --  15.6  5 22905 1841
Test: unreliable net, restarts, snapshots, many clients (4B) ...
  ... Passed --  20.4  5 24892 1999
Test: unreliable net, restarts, partitions, snapshots, many clients (4B) ...
  ... Passed --  29.3  5 74358 1300
Test: unreliable net, restarts, partitions, snapshots, random keys, many clients (4B) ...
  ... Passed --  32.0  7 129805 3204
PASS
ok  	6.5840/kvraft	143.000s

real	2m23.295s
user	2m17.814s
sys	0m13.986s
----------------------------------------
Running test iteration 15 for 4B
Test: InstallSnapshot RPC (4B) ...
  ... Passed --   1.7  3  5875   63
Test: snapshot size is reasonable (4B) ...
  ... Passed --   0.6  3  7678  800
Test: ops complete fast enough (4B) ...
  ... Passed --   0.6  3  8381    0
Test: restarts, snapshots, one client (4B) ...
  ... Passed --  22.5  5 433240 47410
Test: restarts, snapshots, many clients (4B) ...
  ... Passed --  19.3  5 391633 51621
Test: unreliable net, snapshots, many clients (4B) ...
  ... Passed --  15.6  5 23094 1886
Test: unreliable net, restarts, snapshots, many clients (4B) ...
  ... Passed --  20.1  5 24767 1979
Test: unreliable net, restarts, partitions, snapshots, many clients (4B) ...
  ... Passed --  28.9  5 64935 1397
Test: unreliable net, restarts, partitions, snapshots, random keys, many clients (4B) ...
  ... Passed --  30.8  7 170955 3499
PASS
ok  	6.5840/kvraft	140.178s

real	2m20.493s
user	2m17.785s
sys	0m13.011s
----------------------------------------
Running test iteration 16 for 4B
Test: InstallSnapshot RPC (4B) ...
  ... Passed --   2.1  3  6336   63
Test: snapshot size is reasonable (4B) ...
  ... Passed --   0.6  3  8554  800
Test: ops complete fast enough (4B) ...
  ... Passed --   0.7  3  9551    0
Test: restarts, snapshots, one client (4B) ...
  ... Passed --  22.3  5 430401 46905
Test: restarts, snapshots, many clients (4B) ...
  ... Passed --  19.3  5 388018 51262
Test: unreliable net, snapshots, many clients (4B) ...
  ... Passed --  15.7  5 23211 1859
Test: unreliable net, restarts, snapshots, many clients (4B) ...
  ... Passed --  20.9  5 23694 1834
Test: unreliable net, restarts, partitions, snapshots, many clients (4B) ...
  ... Passed --  29.4  5 55847 1216
Test: unreliable net, restarts, partitions, snapshots, random keys, many clients (4B) ...
  ... Passed --  30.7  7 138858 3263
PASS
ok  	6.5840/kvraft	141.853s

real	2m22.135s
user	2m16.008s
sys	0m13.460s
----------------------------------------
Running test iteration 17 for 4B
Test: InstallSnapshot RPC (4B) ...
  ... Passed --   2.5  3  7717   63
Test: snapshot size is reasonable (4B) ...
  ... Passed --   0.6  3  8090  800
Test: ops complete fast enough (4B) ...
  ... Passed --   0.6  3  8535    0
Test: restarts, snapshots, one client (4B) ...
  ... Passed --  22.5  5 438285 47910
Test: restarts, snapshots, many clients (4B) ...
  ... Passed --  19.3  5 390855 51742
Test: unreliable net, snapshots, many clients (4B) ...
  ... Passed --  15.6  5 22576 1826
Test: unreliable net, restarts, snapshots, many clients (4B) ...
  ... Passed --  20.7  5 24558 1921
Test: unreliable net, restarts, partitions, snapshots, many clients (4B) ...
  ... Passed --  29.0  5 57891 1019
Test: unreliable net, restarts, partitions, snapshots, random keys, many clients (4B) ...
  ... Passed --  30.8  7 159562 4107
PASS
ok  	6.5840/kvraft	141.735s

real	2m22.067s
user	2m15.774s
sys	0m14.094s
----------------------------------------
Running test iteration 18 for 4B
Test: InstallSnapshot RPC (4B) ...
  ... Passed --   3.2  3 12086   63
Test: snapshot size is reasonable (4B) ...
  ... Passed --   0.7  3  9077  800
Test: ops complete fast enough (4B) ...
  ... Passed --   0.7  3  9052    0
Test: restarts, snapshots, one client (4B) ...
  ... Passed --  22.3  5 439470 48007
Test: restarts, snapshots, many clients (4B) ...
  ... Passed --  19.4  5 354209 46022
Test: unreliable net, snapshots, many clients (4B) ...
  ... Passed --  16.1  5 23687 1944
Test: unreliable net, restarts, snapshots, many clients (4B) ...
  ... Passed --  20.3  5 23891 1843
Test: unreliable net, restarts, partitions, snapshots, many clients (4B) ...
  ... Passed --  29.5  5 74604 1501
Test: unreliable net, restarts, partitions, snapshots, random keys, many clients (4B) ...
  ... Passed --  31.3  7 161172 4030
PASS
ok  	6.5840/kvraft	143.369s

real	2m23.650s
user	2m18.452s
sys	0m14.958s
----------------------------------------
Running test iteration 19 for 4B
Test: InstallSnapshot RPC (4B) ...
  ... Passed --   2.8  3  8420   63
Test: snapshot size is reasonable (4B) ...
  ... Passed --   0.7  3  8380  800
Test: ops complete fast enough (4B) ...
  ... Passed --   0.6  3  8481    0
Test: restarts, snapshots, one client (4B) ...
  ... Passed --  22.4  5 438605 47766
Test: restarts, snapshots, many clients (4B) ...
  ... Passed --  19.9  5 367904 47277
Test: unreliable net, snapshots, many clients (4B) ...
  ... Passed --  16.1  5 23250 1864
Test: unreliable net, restarts, snapshots, many clients (4B) ...
  ... Passed --  21.0  5 23935 1830
Test: unreliable net, restarts, partitions, snapshots, many clients (4B) ...
  ... Passed --  29.0  5 77980 1480
Test: unreliable net, restarts, partitions, snapshots, random keys, many clients (4B) ...
  ... Passed --  31.6  7 124948 2886
PASS
ok  	6.5840/kvraft	144.106s

real	2m24.424s
user	2m15.664s
sys	0m14.761s
----------------------------------------
Running test iteration 20 for 4B
Test: InstallSnapshot RPC (4B) ...
  ... Passed --   2.7  3  6456   63
Test: snapshot size is reasonable (4B) ...
  ... Passed --   0.6  3  8562  800
Test: ops complete fast enough (4B) ...
  ... Passed --   0.7  3  9485    0
Test: restarts, snapshots, one client (4B) ...
  ... Passed --  22.3  5 437007 47854
Test: restarts, snapshots, many clients (4B) ...
  ... Passed --  20.4  5 376973 45213
Test: unreliable net, snapshots, many clients (4B) ...
  ... Passed --  15.8  5 22912 1844
Test: unreliable net, restarts, snapshots, many clients (4B) ...
  ... Passed --  20.4  5 24791 1935
Test: unreliable net, restarts, partitions, snapshots, many clients (4B) ...
  ... Passed --  29.1  5 56230 1252
Test: unreliable net, restarts, partitions, snapshots, random keys, many clients (4B) ...
  ... Passed --  31.9  7 112597 2327
PASS
ok  	6.5840/kvraft	143.946s

real	2m24.238s
user	2m15.508s
sys	0m15.197s
----------------------------------------
Running test iteration 21 for 4B
Test: InstallSnapshot RPC (4B) ...
  ... Passed --   1.9  3  6670   63
Test: snapshot size is reasonable (4B) ...
  ... Passed --   0.6  3  7836  800
Test: ops complete fast enough (4B) ...
  ... Passed --   0.8  3  9295    0
Test: restarts, snapshots, one client (4B) ...
  ... Passed --  22.0  5 383872 41891
Test: restarts, snapshots, many clients (4B) ...
  ... Passed --  20.5  5 430415 46735
Test: unreliable net, snapshots, many clients (4B) ...
  ... Passed --  15.7  5 23939 1952
Test: unreliable net, restarts, snapshots, many clients (4B) ...
  ... Passed --  20.7  5 24647 1949
Test: unreliable net, restarts, partitions, snapshots, many clients (4B) ...
  ... Passed --  29.3  5 52319 1316
Test: unreliable net, restarts, partitions, snapshots, random keys, many clients (4B) ...
  ... Passed --  31.2  7 130760 3247
PASS
ok  	6.5840/kvraft	142.704s

real	2m23.009s
user	2m21.299s
sys	0m13.309s
----------------------------------------
Running test iteration 22 for 4B
Test: InstallSnapshot RPC (4B) ...
  ... Passed --   1.8  3  5682   63
Test: snapshot size is reasonable (4B) ...
  ... Passed --   0.6  3  8066  800
Test: ops complete fast enough (4B) ...
  ... Passed --   0.7  3  9032    0
Test: restarts, snapshots, one client (4B) ...
  ... Passed --  22.1  5 385288 42059
Test: restarts, snapshots, many clients (4B) ...
  ... Passed --  19.2  5 286097 37520
Test: unreliable net, snapshots, many clients (4B) ...
  ... Passed --  15.9  5 22856 1855
Test: unreliable net, restarts, snapshots, many clients (4B) ...
  ... Passed --  20.4  5 24456 1930
Test: unreliable net, restarts, partitions, snapshots, many clients (4B) ...
  ... Passed --  28.8  5 70217 1413
Test: unreliable net, restarts, partitions, snapshots, random keys, many clients (4B) ...
  ... Passed --  31.2  7 127109 3335
PASS
ok  	6.5840/kvraft	140.657s

real	2m20.955s
user	2m15.935s
sys	0m15.084s
----------------------------------------
Running test iteration 23 for 4B
Test: InstallSnapshot RPC (4B) ...
  ... Passed --   3.3  3  8649   63
Test: snapshot size is reasonable (4B) ...
  ... Passed --   0.6  3  8013  800
Test: ops complete fast enough (4B) ...
  ... Passed --   0.7  3  8804    0
Test: restarts, snapshots, one client (4B) ...
  ... Passed --  22.3  5 410332 44694
Test: restarts, snapshots, many clients (4B) ...
  ... Passed --  19.3  5 348310 45443
Test: unreliable net, snapshots, many clients (4B) ...
  ... Passed --  15.6  5 23475 1917
Test: unreliable net, restarts, snapshots, many clients (4B) ...
  ... Passed --  20.4  5 23906 1854
Test: unreliable net, restarts, partitions, snapshots, many clients (4B) ...
  ... Passed --  28.7  5 58999 1182
Test: unreliable net, restarts, partitions, snapshots, random keys, many clients (4B) ...
  ... Passed --  31.2  7 179641 4140
PASS
ok  	6.5840/kvraft	142.200s

real	2m22.502s
user	2m17.779s
sys	0m14.771s
----------------------------------------
Running test iteration 24 for 4B
Test: InstallSnapshot RPC (4B) ...
  ... Passed --   2.8  3  9364   63
Test: snapshot size is reasonable (4B) ...
  ... Passed --   0.6  3  7973  800
Test: ops complete fast enough (4B) ...
  ... Passed --   0.8  3 10480    0
Test: restarts, snapshots, one client (4B) ...
  ... Passed --  22.5  5 423193 46330
Test: restarts, snapshots, many clients (4B) ...
  ... Passed --  19.3  5 339789 45102
Test: unreliable net, snapshots, many clients (4B) ...
  ... Passed --  15.9  5 23078 1847
Test: unreliable net, restarts, snapshots, many clients (4B) ...
  ... Passed --  20.1  5 24411 1940
Test: unreliable net, restarts, partitions, snapshots, many clients (4B) ...
  ... Passed --  29.5  5 49693 1111
Test: unreliable net, restarts, partitions, snapshots, random keys, many clients (4B) ...
  ... Passed --  30.6  7 143181 3655
PASS
ok  	6.5840/kvraft	142.243s

real	2m22.561s
user	2m16.748s
sys	0m14.763s
----------------------------------------
Running test iteration 25 for 4B
Test: InstallSnapshot RPC (4B) ...
  ... Passed --   1.9  3  6358   63
Test: snapshot size is reasonable (4B) ...
  ... Passed --   0.6  3  7639  800
Test: ops complete fast enough (4B) ...
  ... Passed --   0.7  3  9215    0
Test: restarts, snapshots, one client (4B) ...
  ... Passed --  22.3  5 418215 45754
Test: restarts, snapshots, many clients (4B) ...
  ... Passed --  19.8  5 362584 42559
Test: unreliable net, snapshots, many clients (4B) ...
  ... Passed --  16.3  5 23517 1918
Test: unreliable net, restarts, snapshots, many clients (4B) ...
  ... Passed --  20.4  5 24173 1894
Test: unreliable net, restarts, partitions, snapshots, many clients (4B) ...
  ... Passed --  29.5  5 51838 1013
Test: unreliable net, restarts, partitions, snapshots, random keys, many clients (4B) ...
  ... Passed --  30.9  7 186005 3357
PASS
ok  	6.5840/kvraft	142.421s

real	2m22.692s
user	2m19.206s
sys	0m14.346s
----------------------------------------
Running test iteration 26 for 4B
Test: InstallSnapshot RPC (4B) ...
  ... Passed --   2.3  3  7280   63
Test: snapshot size is reasonable (4B) ...
  ... Passed --   0.6  3  7141  800
Test: ops complete fast enough (4B) ...
  ... Passed --   0.7  3  8668    0
Test: restarts, snapshots, one client (4B) ...
  ... Passed --  22.2  5 410010 44678
Test: restarts, snapshots, many clients (4B) ...
  ... Passed --  19.2  5 325248 43890
Test: unreliable net, snapshots, many clients (4B) ...
  ... Passed --  16.0  5 23386 1917
Test: unreliable net, restarts, snapshots, many clients (4B) ...
  ... Passed --  20.0  5 23690 1854
Test: unreliable net, restarts, partitions, snapshots, many clients (4B) ...
  ... Passed --  30.0  5 43708 1203
Test: unreliable net, restarts, partitions, snapshots, random keys, many clients (4B) ...
  ... Passed --  30.8  7 136303 2592
PASS
ok  	6.5840/kvraft	141.886s

real	2m22.171s
user	2m14.262s
sys	0m14.089s
----------------------------------------
Running test iteration 27 for 4B
Test: InstallSnapshot RPC (4B) ...
  ... Passed --   2.0  3  5588   63
Test: snapshot size is reasonable (4B) ...
  ... Passed --   0.6  3  7929  800
Test: ops complete fast enough (4B) ...
  ... Passed --   0.7  3  8471    0
Test: restarts, snapshots, one client (4B) ...
  ... Passed --  23.2  5 414322 44154
Test: restarts, snapshots, many clients (4B) ...
  ... Passed --  19.3  5 334695 44335
Test: unreliable net, snapshots, many clients (4B) ...
  ... Passed --  16.3  5 23131 1853
Test: unreliable net, restarts, snapshots, many clients (4B) ...
  ... Passed --  20.1  5 23997 1888
Test: unreliable net, restarts, partitions, snapshots, many clients (4B) ...
  ... Passed --  29.5  5 63377 1179
Test: unreliable net, restarts, partitions, snapshots, random keys, many clients (4B) ...
  ... Passed --  31.3  7 132907 3337
PASS
ok  	6.5840/kvraft	143.085s

real	2m23.391s
user	2m17.314s
sys	0m14.437s
----------------------------------------
Running test iteration 28 for 4B
Test: InstallSnapshot RPC (4B) ...
  ... Passed --   2.4  3  7151   63
Test: snapshot size is reasonable (4B) ...
  ... Passed --   0.6  3  8398  800
Test: ops complete fast enough (4B) ...
  ... Passed --   0.7  3  8969    0
Test: restarts, snapshots, one client (4B) ...
  ... Passed --  22.8  5 432836 46636
Test: restarts, snapshots, many clients (4B) ...
  ... Passed --  19.4  5 391543 50501
Test: unreliable net, snapshots, many clients (4B) ...
  ... Passed --  16.0  5 23280 1881
Test: unreliable net, restarts, snapshots, many clients (4B) ...
  ... Passed --  20.5  5 25078 2042
Test: unreliable net, restarts, partitions, snapshots, many clients (4B) ...
  ... Passed --  28.9  5 57235 1373
Test: unreliable net, restarts, partitions, snapshots, random keys, many clients (4B) ...
  ... Passed --  31.5  7 153750 3255
PASS
ok  	6.5840/kvraft	142.844s

real	2m23.211s
user	2m16.831s
sys	0m14.286s
----------------------------------------
Running test iteration 29 for 4B
Test: InstallSnapshot RPC (4B) ...
  ... Passed --   2.8  3  7698   63
Test: snapshot size is reasonable (4B) ...
  ... Passed --   0.6  3  8491  800
Test: ops complete fast enough (4B) ...
  ... Passed --   0.6  3  8497    0
Test: restarts, snapshots, one client (4B) ...
  ... Passed --  22.4  5 391724 42213
Test: restarts, snapshots, many clients (4B) ...
  ... Passed --  19.3  5 306469 40727
Test: unreliable net, snapshots, many clients (4B) ...
  ... Passed --  16.0  5 23928 1938
Test: unreliable net, restarts, snapshots, many clients (4B) ...
  ... Passed --  20.2  5 24437 1940
Test: unreliable net, restarts, partitions, snapshots, many clients (4B) ...
  ... Passed --  29.0  5 72476 1349
Test: unreliable net, restarts, partitions, snapshots, random keys, many clients (4B) ...
  ... Passed --  31.7  7 107050 2147
PASS
ok  	6.5840/kvraft	142.717s

real	2m23.004s
user	2m14.120s
sys	0m15.116s
----------------------------------------
Running test iteration 30 for 4B
Test: InstallSnapshot RPC (4B) ...
  ... Passed --   4.5  3 11441   63
Test: snapshot size is reasonable (4B) ...
  ... Passed --   0.6  3  7482  800
Test: ops complete fast enough (4B) ...
  ... Passed --   0.7  3  9231    0
Test: restarts, snapshots, one client (4B) ...
  ... Passed --  22.5  5 407472 44240
Test: restarts, snapshots, many clients (4B) ...
  ... Passed --  19.9  5 361712 47030
Test: unreliable net, snapshots, many clients (4B) ...
  ... Passed --  16.0  5 23527 1916
Test: unreliable net, restarts, snapshots, many clients (4B) ...
  ... Passed --  20.3  5 24960 1968
Test: unreliable net, restarts, partitions, snapshots, many clients (4B) ...
  ... Passed --  30.9  5 50926 1364
Test: unreliable net, restarts, partitions, snapshots, random keys, many clients (4B) ...
  ... Passed --  32.7  7 134187 2630
PASS
ok  	6.5840/kvraft	148.026s

real	2m28.329s
user	2m17.024s
sys	0m13.806s
----------------------------------------
Running test iteration 31 for 4B
Test: InstallSnapshot RPC (4B) ...
  ... Passed --   3.3  3  6349   63
Test: snapshot size is reasonable (4B) ...
  ... Passed --   0.6  3  7819  800
Test: ops complete fast enough (4B) ...
  ... Passed --   0.6  3  8488    0
Test: restarts, snapshots, one client (4B) ...
  ... Passed --  22.1  5 409930 44897
Test: restarts, snapshots, many clients (4B) ...
  ... Passed --  19.2  5 341947 45285
Test: unreliable net, snapshots, many clients (4B) ...
  ... Passed --  15.9  5 23877 1950
Test: unreliable net, restarts, snapshots, many clients (4B) ...
  ... Passed --  20.8  5 24153 1865
Test: unreliable net, restarts, partitions, snapshots, many clients (4B) ...
  ... Passed --  28.9  5 63378 1301
Test: unreliable net, restarts, partitions, snapshots, random keys, many clients (4B) ...
  ... Passed --  30.9  7 154658 3354
PASS
ok  	6.5840/kvraft	142.393s

real	2m22.680s
user	2m16.030s
sys	0m14.423s
----------------------------------------
Running test iteration 32 for 4B
Test: InstallSnapshot RPC (4B) ...
  ... Passed --   3.2  3  9081   63
Test: snapshot size is reasonable (4B) ...
  ... Passed --   0.6  3  7442  800
Test: ops complete fast enough (4B) ...
  ... Passed --   0.8  3  9894    0
Test: restarts, snapshots, one client (4B) ...
  ... Passed --  22.4  5 396245 42727
Test: restarts, snapshots, many clients (4B) ...
  ... Passed --  20.0  5 388302 43457
Test: unreliable net, snapshots, many clients (4B) ...
  ... Passed --  16.0  5 23542 1914
Test: unreliable net, restarts, snapshots, many clients (4B) ...
  ... Passed --  20.6  5 24352 1905
Test: unreliable net, restarts, partitions, snapshots, many clients (4B) ...
  ... Passed --  29.2  5 55814 1546
Test: unreliable net, restarts, partitions, snapshots, random keys, many clients (4B) ...
  ... Passed --  30.6  7 129125 3372
PASS
ok  	6.5840/kvraft	143.377s

real	2m23.680s
user	2m20.512s
sys	0m14.224s
----------------------------------------
Running test iteration 33 for 4B
Test: InstallSnapshot RPC (4B) ...
  ... Passed --   1.9  3  6210   63
Test: snapshot size is reasonable (4B) ...
  ... Passed --   0.6  3  7988  800
Test: ops complete fast enough (4B) ...
  ... Passed --   0.8  3  9361    0
Test: restarts, snapshots, one client (4B) ...
  ... Passed --  22.3  5 413613 44979
Test: restarts, snapshots, many clients (4B) ...
  ... Passed --  19.3  5 320128 42467
Test: unreliable net, snapshots, many clients (4B) ...
  ... Passed --  16.1  5 23424 1913
Test: unreliable net, restarts, snapshots, many clients (4B) ...
  ... Passed --  20.4  5 24483 1900
Test: unreliable net, restarts, partitions, snapshots, many clients (4B) ...
  ... Passed --  29.0  5 49005 1003
Test: unreliable net, restarts, partitions, snapshots, random keys, many clients (4B) ...
  ... Passed --  30.9  7 120317 2494
PASS
ok  	6.5840/kvraft	141.302s

real	2m21.619s
user	2m14.920s
sys	0m14.892s
----------------------------------------
Running test iteration 34 for 4B
Test: InstallSnapshot RPC (4B) ...
  ... Passed --   3.8  3  9535   63
Test: snapshot size is reasonable (4B) ...
  ... Passed --   0.6  3  7719  800
Test: ops complete fast enough (4B) ...
  ... Passed --   0.7  3  8903    0
Test: restarts, snapshots, one client (4B) ...
  ... Passed --  22.6  5 406537 43635
Test: restarts, snapshots, many clients (4B) ...
  ... Passed --  19.6  5 357745 44750
Test: unreliable net, snapshots, many clients (4B) ...
  ... Passed --  15.7  5 23450 1913
Test: unreliable net, restarts, snapshots, many clients (4B) ...
  ... Passed --  20.3  5 24813 1933
Test: unreliable net, restarts, partitions, snapshots, many clients (4B) ...
  ... Passed --  28.7  5 59834 1415
Test: unreliable net, restarts, partitions, snapshots, random keys, many clients (4B) ...
  ... Passed --  31.2  7 142132 3533
PASS
ok  	6.5840/kvraft	143.358s

real	2m23.636s
user	2m18.351s
sys	0m15.578s
----------------------------------------
Running test iteration 35 for 4B
Test: InstallSnapshot RPC (4B) ...
  ... Passed --   2.1  3  6307   63
Test: snapshot size is reasonable (4B) ...
  ... Passed --   0.6  3  7432  800
Test: ops complete fast enough (4B) ...
  ... Passed --   0.7  3  8329    0
Test: restarts, snapshots, one client (4B) ...
  ... Passed --  22.0  5 381033 41297
Test: restarts, snapshots, many clients (4B) ...
  ... Passed --  19.6  5 362390 44769
Test: unreliable net, snapshots, many clients (4B) ...
  ... Passed --  15.7  5 22772 1821
Test: unreliable net, restarts, snapshots, many clients (4B) ...
  ... Passed --  20.1  5 24764 1958
Test: unreliable net, restarts, partitions, snapshots, many clients (4B) ...
  ... Passed --  29.7  5 48504 1099
Test: unreliable net, restarts, partitions, snapshots, random keys, many clients (4B) ...
  ... Passed --  30.4  7 129783 3102
PASS
ok  	6.5840/kvraft	140.930s

real	2m21.261s
user	2m18.547s
sys	0m13.413s
----------------------------------------
Running test iteration 36 for 4B
Test: InstallSnapshot RPC (4B) ...
  ... Passed --   3.2  3  8497   63
Test: snapshot size is reasonable (4B) ...
  ... Passed --   0.7  3  8433  800
Test: ops complete fast enough (4B) ...
  ... Passed --   0.6  3  8382    0
Test: restarts, snapshots, one client (4B) ...
  ... Passed --  22.0  5 385096 41972
Test: restarts, snapshots, many clients (4B) ...
  ... Passed --  20.1  5 376817 43966
Test: unreliable net, snapshots, many clients (4B) ...
  ... Passed --  15.8  5 23053 1874
Test: unreliable net, restarts, snapshots, many clients (4B) ...
  ... Passed --  20.1  5 24274 1903
Test: unreliable net, restarts, partitions, snapshots, many clients (4B) ...
  ... Passed --  29.1  5 55139 1270
Test: unreliable net, restarts, partitions, snapshots, random keys, many clients (4B) ...
  ... Passed --  31.8  7 141667 3470
PASS
ok  	6.5840/kvraft	143.361s

real	2m23.663s
user	2m21.463s
sys	0m13.153s
----------------------------------------
Running test iteration 37 for 4B
Test: InstallSnapshot RPC (4B) ...
  ... Passed --   2.4  3  6718   63
Test: snapshot size is reasonable (4B) ...
  ... Passed --   0.8  3  9752  800
Test: ops complete fast enough (4B) ...
  ... Passed --   0.7  3  8841    0
Test: restarts, snapshots, one client (4B) ...
  ... Passed --  22.7  5 414975 44531
Test: restarts, snapshots, many clients (4B) ...
  ... Passed --  19.7  5 366013 46105
Test: unreliable net, snapshots, many clients (4B) ...
  ... Passed --  16.0  5 23427 1916
Test: unreliable net, restarts, snapshots, many clients (4B) ...
  ... Passed --  20.2  5 24357 1934
Test: unreliable net, restarts, partitions, snapshots, many clients (4B) ...
  ... Passed --  29.2  5 79413 1405
Test: unreliable net, restarts, partitions, snapshots, random keys, many clients (4B) ...
  ... Passed --  30.3  7 134579 3543
PASS
ok  	6.5840/kvraft	141.972s

real	2m22.275s
user	2m18.238s
sys	0m14.677s
----------------------------------------
Running test iteration 38 for 4B
Test: InstallSnapshot RPC (4B) ...
  ... Passed --   2.0  3  6746   63
Test: snapshot size is reasonable (4B) ...
  ... Passed --   0.6  3  7981  800
Test: ops complete fast enough (4B) ...
  ... Passed --   0.7  3  8955    0
Test: restarts, snapshots, one client (4B) ...
  ... Passed --  22.4  5 407380 44531
Test: restarts, snapshots, many clients (4B) ...
  ... Passed --  19.6  5 334721 39852
Test: unreliable net, snapshots, many clients (4B) ...
  ... Passed --  16.1  5 23462 1899
Test: unreliable net, restarts, snapshots, many clients (4B) ...
  ... Passed --  19.9  5 24191 1922
Test: unreliable net, restarts, partitions, snapshots, many clients (4B) ...
  ... Passed --  28.9  5 64792 1488
Test: unreliable net, restarts, partitions, snapshots, random keys, many clients (4B) ...
  ... Passed --  30.5  7 165363 3943
PASS
ok  	6.5840/kvraft	140.835s

real	2m21.167s
user	2m18.554s
sys	0m15.585s
----------------------------------------
Running test iteration 39 for 4B
Test: InstallSnapshot RPC (4B) ...
  ... Passed --   1.9  3  6676   63
Test: snapshot size is reasonable (4B) ...
  ... Passed --   0.6  3  7460  800
Test: ops complete fast enough (4B) ...
  ... Passed --   0.8  3  9205    0
Test: restarts, snapshots, one client (4B) ...
  ... Passed --  24.2  5 430042 44811
Test: restarts, snapshots, many clients (4B) ...
  ... Passed --  19.3  5 360167 43872
Test: unreliable net, snapshots, many clients (4B) ...
  ... Passed --  15.7  5 23561 1923
Test: unreliable net, restarts, snapshots, many clients (4B) ...
  ... Passed --  20.2  5 24922 1989
Test: unreliable net, restarts, partitions, snapshots, many clients (4B) ...
  ... Passed --  29.3  5 54478 1223
Test: unreliable net, restarts, partitions, snapshots, random keys, many clients (4B) ...
  ... Passed --  31.0  7 145937 2586
PASS
ok  	6.5840/kvraft	142.825s

real	2m23.139s
user	2m17.719s
sys	0m15.230s
----------------------------------------
Running test iteration 40 for 4B
Test: InstallSnapshot RPC (4B) ...
  ... Passed --   2.6  3  6972   63
Test: snapshot size is reasonable (4B) ...
  ... Passed --   0.6  3  7435  800
Test: ops complete fast enough (4B) ...
  ... Passed --   0.8  3  9950    0
Test: restarts, snapshots, one client (4B) ...
  ... Passed --  22.2  5 389729 42358
Test: restarts, snapshots, many clients (4B) ...
  ... Passed --  20.1  5 380127 43421
Test: unreliable net, snapshots, many clients (4B) ...
  ... Passed --  15.9  5 24000 1962
Test: unreliable net, restarts, snapshots, many clients (4B) ...
  ... Passed --  21.3  5 24363 1882
Test: unreliable net, restarts, partitions, snapshots, many clients (4B) ...
  ... Passed --  29.6  5 61275 1550
Test: unreliable net, restarts, partitions, snapshots, random keys, many clients (4B) ...
  ... Passed --  31.9  7 150354 2905
PASS
ok  	6.5840/kvraft	144.994s

real	2m25.317s
user	2m21.387s
sys	0m13.536s
----------------------------------------
Running test iteration 41 for 4B
Test: InstallSnapshot RPC (4B) ...
  ... Passed --   2.5  3  7455   63
Test: snapshot size is reasonable (4B) ...
  ... Passed --   0.6  3  7992  800
Test: ops complete fast enough (4B) ...
  ... Passed --   0.6  3  8473    0
Test: restarts, snapshots, one client (4B) ...
  ... Passed --  22.5  5 417774 45349
Test: restarts, snapshots, many clients (4B) ...
  ... Passed --  21.5  5 475217 43345
Test: unreliable net, snapshots, many clients (4B) ...
  ... Passed --  15.8  5 23602 1922
Test: unreliable net, restarts, snapshots, many clients (4B) ...
  ... Passed --  20.6  5 24628 1931
Test: unreliable net, restarts, partitions, snapshots, many clients (4B) ...
  ... Passed --  29.3  5 46611 1311
Test: unreliable net, restarts, partitions, snapshots, random keys, many clients (4B) ...
  ... Passed --  31.1  7 166583 3658
PASS
ok  	6.5840/kvraft	144.488s

real	2m24.792s
user	2m26.137s
sys	0m15.217s
----------------------------------------
Running test iteration 42 for 4B
Test: InstallSnapshot RPC (4B) ...
  ... Passed --   2.3  3  7090   63
Test: snapshot size is reasonable (4B) ...
  ... Passed --   0.5  3  7002  800
Test: ops complete fast enough (4B) ...
  ... Passed --   0.7  3  9350    0
Test: restarts, snapshots, one client (4B) ...
  ... Passed --  22.3  5 403892 43798
Test: restarts, snapshots, many clients (4B) ...
  ... Passed --  20.4  5 373631 42368
Test: unreliable net, snapshots, many clients (4B) ...
  ... Passed --  15.9  5 23779 1949
Test: unreliable net, restarts, snapshots, many clients (4B) ...
  ... Passed --  19.9  5 24380 1910
Test: unreliable net, restarts, partitions, snapshots, many clients (4B) ...
  ... Passed --  30.2  5 52072 1231
Test: unreliable net, restarts, partitions, snapshots, random keys, many clients (4B) ...
  ... Passed --  30.6  7 130654 2964
PASS
ok  	6.5840/kvraft	142.968s

real	2m23.267s
user	2m18.287s
sys	0m13.997s
----------------------------------------
Running test iteration 43 for 4B
Test: InstallSnapshot RPC (4B) ...
  ... Passed --   3.4  3  9047   63
Test: snapshot size is reasonable (4B) ...
  ... Passed --   0.6  3  7916  800
Test: ops complete fast enough (4B) ...
  ... Passed --   0.6  3  8525    0
Test: restarts, snapshots, one client (4B) ...
  ... Passed --  22.3  5 412296 45027
Test: restarts, snapshots, many clients (4B) ...
  ... Passed --  19.2  5 338472 43904
Test: unreliable net, snapshots, many clients (4B) ...
  ... Passed --  16.1  5 22837 1856
Test: unreliable net, restarts, snapshots, many clients (4B) ...
  ... Passed --  20.7  5 24475 1898
Test: unreliable net, restarts, partitions, snapshots, many clients (4B) ...
  ... Passed --  29.1  5 54769 1111
Test: unreliable net, restarts, partitions, snapshots, random keys, many clients (4B) ...
  ... Passed --  31.2  7 126967 2495
PASS
ok  	6.5840/kvraft	143.118s

real	2m23.398s
user	2m16.008s
sys	0m14.183s
----------------------------------------
Running test iteration 44 for 4B
Test: InstallSnapshot RPC (4B) ...
  ... Passed --   3.4  3  8856   63
Test: snapshot size is reasonable (4B) ...
  ... Passed --   0.6  3  7677  800
Test: ops complete fast enough (4B) ...
  ... Passed --   0.8  3  9802    0
Test: restarts, snapshots, one client (4B) ...
  ... Passed --  22.1  5 384470 41976
Test: restarts, snapshots, many clients (4B) ...
  ... Passed --  19.8  5 348199 46409
Test: unreliable net, snapshots, many clients (4B) ...
  ... Passed --  16.0  5 23470 1918
Test: unreliable net, restarts, snapshots, many clients (4B) ...
  ... Passed --  20.5  5 24178 1896
Test: unreliable net, restarts, partitions, snapshots, many clients (4B) ...
  ... Passed --  29.5  5 56388 1356
Test: unreliable net, restarts, partitions, snapshots, random keys, many clients (4B) ...
  ... Passed --  31.3  7 168889 3744
PASS
ok  	6.5840/kvraft	144.006s

real	2m24.346s
user	2m19.019s
sys	0m14.202s
----------------------------------------
Running test iteration 45 for 4B
Test: InstallSnapshot RPC (4B) ...
  ... Passed --   1.9  3  5742   63
Test: snapshot size is reasonable (4B) ...
  ... Passed --   0.6  3  7520  800
Test: ops complete fast enough (4B) ...
  ... Passed --   0.6  3  8565    0
Test: restarts, snapshots, one client (4B) ...
  ... Passed --  22.3  5 395863 42508
Test: restarts, snapshots, many clients (4B) ...
  ... Passed --  19.3  5 341585 46127
Test: unreliable net, snapshots, many clients (4B) ...
  ... Passed --  15.6  5 23304 1894
Test: unreliable net, restarts, snapshots, many clients (4B) ...
  ... Passed --  20.3  5 23748 1854
Test: unreliable net, restarts, partitions, snapshots, many clients (4B) ...
  ... Passed --  29.1  5 62611 1180
Test: unreliable net, restarts, partitions, snapshots, random keys, many clients (4B) ...
  ... Passed --  31.5  7 147736 3001
PASS
ok  	6.5840/kvraft	141.135s

real	2m21.421s
user	2m15.327s
sys	0m13.970s
----------------------------------------
Running test iteration 46 for 4B
Test: InstallSnapshot RPC (4B) ...
  ... Passed --   4.2  3  5798   63
Test: snapshot size is reasonable (4B) ...
  ... Passed --   0.7  3  8907  800
Test: ops complete fast enough (4B) ...
  ... Passed --   0.6  3  8480    0
Test: restarts, snapshots, one client (4B) ...
  ... Passed --  22.2  5 402917 43818
Test: restarts, snapshots, many clients (4B) ...
  ... Passed --  19.8  5 333584 44021
Test: unreliable net, snapshots, many clients (4B) ...
  ... Passed --  15.7  5 23919 1980
Test: unreliable net, restarts, snapshots, many clients (4B) ...
  ... Passed --  21.6  5 25553 1970
Test: unreliable net, restarts, partitions, snapshots, many clients (4B) ...
  ... Passed --  29.1  5 57302 1291
Test: unreliable net, restarts, partitions, snapshots, random keys, many clients (4B) ...
  ... Passed --  30.8  7 115100 3044
PASS
ok  	6.5840/kvraft	144.746s

real	2m25.064s
user	2m15.436s
sys	0m14.738s
----------------------------------------
Running test iteration 47 for 4B
Test: InstallSnapshot RPC (4B) ...
  ... Passed --   2.3  3  6218   63
Test: snapshot size is reasonable (4B) ...
  ... Passed --   0.6  3  7310  800
Test: ops complete fast enough (4B) ...
  ... Passed --   0.7  3  8724    0
Test: restarts, snapshots, one client (4B) ...
  ... Passed --  22.1  5 402610 43922
Test: restarts, snapshots, many clients (4B) ...
  ... Passed --  19.7  5 349189 42529
Test: unreliable net, snapshots, many clients (4B) ...
  ... Passed --  16.2  5 22965 1847
Test: unreliable net, restarts, snapshots, many clients (4B) ...
  ... Passed --  19.8  5 24545 1975
Test: unreliable net, restarts, partitions, snapshots, many clients (4B) ...
  ... Passed --  29.4  5 51118 1263
Test: unreliable net, restarts, partitions, snapshots, random keys, many clients (4B) ...
  ... Passed --  31.3  7 159787 3648
PASS
ok  	6.5840/kvraft	142.182s

real	2m22.477s
user	2m18.213s
sys	0m15.160s
----------------------------------------
Running test iteration 48 for 4B
Test: InstallSnapshot RPC (4B) ...
  ... Passed --   2.4  3  7609   63
Test: snapshot size is reasonable (4B) ...
  ... Passed --   0.7  3  8505  800
Test: ops complete fast enough (4B) ...
  ... Passed --   0.7  3  8655    0
Test: restarts, snapshots, one client (4B) ...
  ... Passed --  22.0  5 399271 43557
Test: restarts, snapshots, many clients (4B) ...
  ... Passed --  19.8  5 346833 45614
Test: unreliable net, snapshots, many clients (4B) ...
  ... Passed --  15.8  5 23442 1905
Test: unreliable net, restarts, snapshots, many clients (4B) ...
  ... Passed --  20.9  5 24867 1920
Test: unreliable net, restarts, partitions, snapshots, many clients (4B) ...
  ... Passed --  28.9  5 62912 1257
Test: unreliable net, restarts, partitions, snapshots, random keys, many clients (4B) ...
  ... Passed --  30.9  7 170740 4426
PASS
ok  	6.5840/kvraft	142.040s

real	2m22.384s
user	2m18.669s
sys	0m14.650s
----------------------------------------
Running test iteration 49 for 4B
Test: InstallSnapshot RPC (4B) ...
  ... Passed --   2.2  3  7587   63
Test: snapshot size is reasonable (4B) ...
  ... Passed --   0.6  3  7252  800
Test: ops complete fast enough (4B) ...
  ... Passed --   0.6  3  8474    0
Test: restarts, snapshots, one client (4B) ...
  ... Passed --  22.6  5 409165 44107
Test: restarts, snapshots, many clients (4B) ...
  ... Passed --  20.0  5 385872 44621
Test: unreliable net, snapshots, many clients (4B) ...
  ... Passed --  15.8  5 23667 1913
Test: unreliable net, restarts, snapshots, many clients (4B) ...
  ... Passed --  20.9  5 24344 1906
Test: unreliable net, restarts, partitions, snapshots, many clients (4B) ...
  ... Passed --  29.4  5 71744 1468
Test: unreliable net, restarts, partitions, snapshots, random keys, many clients (4B) ...
  ... Passed --  31.0  7 153161 2730
PASS
ok  	6.5840/kvraft	143.028s

real	2m23.341s
user	2m20.345s
sys	0m15.018s
----------------------------------------
Running test iteration 50 for 4B
Test: InstallSnapshot RPC (4B) ...
  ... Passed --   3.0  3  8824   63
Test: snapshot size is reasonable (4B) ...
  ... Passed --   0.6  3  7541  800
Test: ops complete fast enough (4B) ...
  ... Passed --   0.8  3  9241    0
Test: restarts, snapshots, one client (4B) ...
  ... Passed --  22.2  5 407362 44508
Test: restarts, snapshots, many clients (4B) ...
  ... Passed --  19.3  5 339150 44340
Test: unreliable net, snapshots, many clients (4B) ...
  ... Passed --  15.7  5 23924 1950
Test: unreliable net, restarts, snapshots, many clients (4B) ...
  ... Passed --  20.9  5 24763 1949
Test: unreliable net, restarts, partitions, snapshots, many clients (4B) ...
  ... Passed --  29.4  5 44076 1099
Test: unreliable net, restarts, partitions, snapshots, random keys, many clients (4B) ...
  ... Passed --  30.5  7 149657 3823
PASS
ok  	6.5840/kvraft	142.426s

real	2m22.764s
user	2m17.714s
sys	0m14.695s
----------------------------------------
Running test iteration 51 for 4B
Test: InstallSnapshot RPC (4B) ...
  ... Passed --   2.4  3  7055   63
Test: snapshot size is reasonable (4B) ...
  ... Passed --   0.6  3  7999  800
Test: ops complete fast enough (4B) ...
  ... Passed --   0.8  3  9991    0
Test: restarts, snapshots, one client (4B) ...
  ... Passed --  22.2  5 407016 44373
Test: restarts, snapshots, many clients (4B) ...
  ... Passed --  19.4  5 351980 45301
Test: unreliable net, snapshots, many clients (4B) ...
  ... Passed --  16.1  5 23353 1919
Test: unreliable net, restarts, snapshots, many clients (4B) ...
  ... Passed --  20.2  5 24432 1930
Test: unreliable net, restarts, partitions, snapshots, many clients (4B) ...
  ... Passed --  29.2  5 69402 1269
Test: unreliable net, restarts, partitions, snapshots, random keys, many clients (4B) ...
  ... Passed --  31.8  7 169472 3991
PASS
ok  	6.5840/kvraft	142.556s

real	2m22.852s
user	2m18.390s
sys	0m14.419s
----------------------------------------
Running test iteration 52 for 4B
Test: InstallSnapshot RPC (4B) ...
  ... Passed --   2.5  3  8778   63
Test: snapshot size is reasonable (4B) ...
  ... Passed --   0.6  3  7949  800
Test: ops complete fast enough (4B) ...
  ... Passed --   0.7  3  9489    0
Test: restarts, snapshots, one client (4B) ...
  ... Passed --  22.0  5 403147 44088
Test: restarts, snapshots, many clients (4B) ...
  ... Passed --  19.6  5 366999 45092
Test: unreliable net, snapshots, many clients (4B) ...
  ... Passed --  15.7  5 23238 1912
Test: unreliable net, restarts, snapshots, many clients (4B) ...
  ... Passed --  20.0  5 24977 2015
Test: unreliable net, restarts, partitions, snapshots, many clients (4B) ...
  ... Passed --  28.7  5 71446 1363
Test: unreliable net, restarts, partitions, snapshots, random keys, many clients (4B) ...
  ... Passed --  30.8  7 124254 2747
PASS
ok  	6.5840/kvraft	140.750s

real	2m21.028s
user	2m18.179s
sys	0m14.127s
----------------------------------------
Running test iteration 53 for 4B
Test: InstallSnapshot RPC (4B) ...
  ... Passed --   3.4  3  5831   63
Test: snapshot size is reasonable (4B) ...
  ... Passed --   0.6  3  7416  800
Test: ops complete fast enough (4B) ...
  ... Passed --   0.7  3  8984    0
Test: restarts, snapshots, one client (4B) ...
  ... Passed --  22.3  5 406615 44226
Test: restarts, snapshots, many clients (4B) ...
  ... Passed --  20.2  5 427764 47499
Test: unreliable net, snapshots, many clients (4B) ...
  ... Passed --  15.8  5 23541 1895
Test: unreliable net, restarts, snapshots, many clients (4B) ...
  ... Passed --  21.0  5 24759 1936
Test: unreliable net, restarts, partitions, snapshots, many clients (4B) ...
  ... Passed --  28.2  5 58407 1350
Test: unreliable net, restarts, partitions, snapshots, random keys, many clients (4B) ...
  ... Passed --  30.8  7 167131 3451
PASS
ok  	6.5840/kvraft	142.945s

real	2m23.330s
user	2m21.279s
sys	0m13.579s
----------------------------------------
Running test iteration 54 for 4B
Test: InstallSnapshot RPC (4B) ...
  ... Passed --   3.0  3  7611   63
Test: snapshot size is reasonable (4B) ...
  ... Passed --   0.6  3  7461  800
Test: ops complete fast enough (4B) ...
  ... Passed --   0.6  3  8454    0
Test: restarts, snapshots, one client (4B) ...
  ... Passed --  22.5  5 410798 44358
Test: restarts, snapshots, many clients (4B) ...
  ... Passed --  19.4  5 370789 47803
Test: unreliable net, snapshots, many clients (4B) ...
  ... Passed --  16.1  5 23886 1945
Test: unreliable net, restarts, snapshots, many clients (4B) ...
  ... Passed --  20.2  5 24745 1976
Test: unreliable net, restarts, partitions, snapshots, many clients (4B) ...
  ... Passed --  29.0  5 45644 1142
Test: unreliable net, restarts, partitions, snapshots, random keys, many clients (4B) ...
  ... Passed --  31.4  7 145101 3382
PASS
ok  	6.5840/kvraft	142.739s

real	2m23.022s
user	2m16.943s
sys	0m13.599s
----------------------------------------
Running test iteration 55 for 4B
Test: InstallSnapshot RPC (4B) ...
  ... Passed --   2.9  3  7723   63
Test: snapshot size is reasonable (4B) ...
  ... Passed --   0.6  3  7314  800
Test: ops complete fast enough (4B) ...
  ... Passed --   0.7  3  8902    0
Test: restarts, snapshots, one client (4B) ...
  ... Passed --  22.6  5 409908 44046
Test: restarts, snapshots, many clients (4B) ...
  ... Passed --  19.7  5 369603 44828
Test: unreliable net, snapshots, many clients (4B) ...
  ... Passed --  15.8  5 23980 1943
Test: unreliable net, restarts, snapshots, many clients (4B) ...
  ... Passed --  20.5  5 24515 1898
Test: unreliable net, restarts, partitions, snapshots, many clients (4B) ...
  ... Passed --  29.3  5 52346 1501
Test: unreliable net, restarts, partitions, snapshots, random keys, many clients (4B) ...
  ... Passed --  30.9  7 171194 4193
PASS
ok  	6.5840/kvraft	142.911s

real	2m23.219s
user	2m21.163s
sys	0m13.600s
----------------------------------------
Running test iteration 56 for 4B
Test: InstallSnapshot RPC (4B) ...
  ... Passed --   2.6  3  7876   63
Test: snapshot size is reasonable (4B) ...
  ... Passed --   1.1  3 12553  800
Test: ops complete fast enough (4B) ...
  ... Passed --   0.6  3  8447    0
Test: restarts, snapshots, one client (4B) ...
  ... Passed --  22.2  5 404945 44158
Test: restarts, snapshots, many clients (4B) ...
  ... Passed --  19.4  5 357335 45936
Test: unreliable net, snapshots, many clients (4B) ...
  ... Passed --  15.7  5 23650 1931
Test: unreliable net, restarts, snapshots, many clients (4B) ...
  ... Passed --  20.1  5 24360 1933
Test: unreliable net, restarts, partitions, snapshots, many clients (4B) ...
  ... Passed --  29.5  5 62951 1249
Test: unreliable net, restarts, partitions, snapshots, random keys, many clients (4B) ...
  ... Passed --  30.3  7 132665 3186
PASS
ok  	6.5840/kvraft	141.375s

real	2m21.664s
user	2m16.761s
sys	0m14.442s
----------------------------------------
Running test iteration 57 for 4B
Test: InstallSnapshot RPC (4B) ...
  ... Passed --   1.8  3  5774   63
Test: snapshot size is reasonable (4B) ...
  ... Passed --   0.6  3  7536  800
Test: ops complete fast enough (4B) ...
  ... Passed --   0.6  3  8294    0
Test: restarts, snapshots, one client (4B) ...
  ... Passed --  23.1  5 413087 44158
Test: restarts, snapshots, many clients (4B) ...
  ... Passed --  19.3  5 331404 44013
Test: unreliable net, snapshots, many clients (4B) ...
  ... Passed --  16.2  5 23630 1926
Test: unreliable net, restarts, snapshots, many clients (4B) ...
  ... Passed --  19.8  5 23680 1862
Test: unreliable net, restarts, partitions, snapshots, many clients (4B) ...
  ... Passed --  29.7  5 65156 1610
Test: unreliable net, restarts, partitions, snapshots, random keys, many clients (4B) ...
  ... Passed --  31.4  7 139935 3203
PASS
ok  	6.5840/kvraft	142.440s

real	2m22.753s
user	2m17.922s
sys	0m14.650s
----------------------------------------
Running test iteration 58 for 4B
Test: InstallSnapshot RPC (4B) ...
  ... Passed --   2.4  3  8024   63
Test: snapshot size is reasonable (4B) ...
  ... Passed --   0.5  3  7019  800
Test: ops complete fast enough (4B) ...
  ... Passed --   0.7  3  8768    0
Test: restarts, snapshots, one client (4B) ...
  ... Passed --  22.6  5 417417 45074
Test: restarts, snapshots, many clients (4B) ...
  ... Passed --  19.9  5 369700 46594
Test: unreliable net, snapshots, many clients (4B) ...
  ... Passed --  15.7  5 23622 1926
Test: unreliable net, restarts, snapshots, many clients (4B) ...
  ... Passed --  20.5  5 24546 1936
Test: unreliable net, restarts, partitions, snapshots, many clients (4B) ...
  ... Passed --  29.6  5 50142 1069
Test: unreliable net, restarts, partitions, snapshots, random keys, many clients (4B) ...
  ... Passed --  30.8  7 160294 3409
PASS
ok  	6.5840/kvraft	142.862s

real	2m23.195s
user	2m16.738s
sys	0m14.325s
----------------------------------------
Running test iteration 59 for 4B
Test: InstallSnapshot RPC (4B) ...
  ... Passed --   3.1  3  7763   63
Test: snapshot size is reasonable (4B) ...
  ... Passed --   0.6  3  8034  800
Test: ops complete fast enough (4B) ...
  ... Passed --   0.6  3  8490    0
Test: restarts, snapshots, one client (4B) ...
  ... Passed --  23.3  5 416018 44225
Test: restarts, snapshots, many clients (4B) ...
  ... Passed --  19.4  5 352567 45452
Test: unreliable net, snapshots, many clients (4B) ...
  ... Passed --  15.8  5 23189 1879
Test: unreliable net, restarts, snapshots, many clients (4B) ...
  ... Passed --  21.0  5 24687 1892
Test: unreliable net, restarts, partitions, snapshots, many clients (4B) ...
  ... Passed --  29.3  5 51165 1254
Test: unreliable net, restarts, partitions, snapshots, random keys, many clients (4B) ...
  ... Passed --  30.9  7 139640 3615
PASS
ok  	6.5840/kvraft	144.116s

real	2m24.421s
user	2m18.152s
sys	0m14.647s
----------------------------------------
Running test iteration 60 for 4B
Test: InstallSnapshot RPC (4B) ...
  ... Passed --   2.7  3  9282   63
Test: snapshot size is reasonable (4B) ...
  ... Passed --   0.6  3  7797  800
Test: ops complete fast enough (4B) ...
  ... Passed --   0.7  3  8232    0
Test: restarts, snapshots, one client (4B) ...
  ... Passed --  22.1  5 407859 44490
Test: restarts, snapshots, many clients (4B) ...
  ... Passed --  19.6  5 356100 43457
Test: unreliable net, snapshots, many clients (4B) ...
  ... Passed --  15.7  5 22995 1868
Test: unreliable net, restarts, snapshots, many clients (4B) ...
  ... Passed --  20.0  5 24103 1910
Test: unreliable net, restarts, partitions, snapshots, many clients (4B) ...
  ... Passed --  29.2  5 51129 1284
Test: unreliable net, restarts, partitions, snapshots, random keys, many clients (4B) ...
  ... Passed --  31.6  7 143036 3350
PASS
ok  	6.5840/kvraft	142.081s

real	2m22.365s
user	2m17.890s
sys	0m14.024s
----------------------------------------
Running test iteration 61 for 4B
Test: InstallSnapshot RPC (4B) ...
  ... Passed --   2.4  3  5515   63
Test: snapshot size is reasonable (4B) ...
  ... Passed --   1.2  3 13637  800
Test: ops complete fast enough (4B) ...
  ... Passed --   0.6  3  8389    0
Test: restarts, snapshots, one client (4B) ...
  ... Passed --  22.3  5 409196 44384
Test: restarts, snapshots, many clients (4B) ...
  ... Passed --  19.3  5 363992 48253
Test: unreliable net, snapshots, many clients (4B) ...
  ... Passed --  15.8  5 23199 1905
Test: unreliable net, restarts, snapshots, many clients (4B) ...
  ... Passed --  22.1  5 25282 1898
Test: unreliable net, restarts, partitions, snapshots, many clients (4B) ...
  ... Passed --  28.7  5 87634 1412
Test: unreliable net, restarts, partitions, snapshots, random keys, many clients (4B) ...
  ... Passed --  30.1  7 174621 3739
PASS
ok  	6.5840/kvraft	142.560s

real	2m22.889s
user	2m19.583s
sys	0m13.832s
----------------------------------------
Running test iteration 62 for 4B
Test: InstallSnapshot RPC (4B) ...
  ... Passed --   2.8  3 10295   63
Test: snapshot size is reasonable (4B) ...
  ... Passed --   0.6  3  7704  800
Test: ops complete fast enough (4B) ...
  ... Passed --   0.6  3  8464    0
Test: restarts, snapshots, one client (4B) ...
  ... Passed --  22.2  5 405086 43942
Test: restarts, snapshots, many clients (4B) ...
  ... Passed --  19.4  5 365535 48106
Test: unreliable net, snapshots, many clients (4B) ...
  ... Passed --  15.8  5 23919 1952
Test: unreliable net, restarts, snapshots, many clients (4B) ...
  ... Passed --  19.9  5 23671 1837
Test: unreliable net, restarts, partitions, snapshots, many clients (4B) ...
  ... Passed --  28.9  5 74834 1365
Test: unreliable net, restarts, partitions, snapshots, random keys, many clients (4B) ...
  ... Passed --  30.4  7 145557 3370
PASS
ok  	6.5840/kvraft	140.690s

real	2m20.974s
user	2m17.199s
sys	0m14.647s
----------------------------------------
Running test iteration 63 for 4B
Test: InstallSnapshot RPC (4B) ...
  ... Passed --   2.1  3  6271   63
Test: snapshot size is reasonable (4B) ...
  ... Passed --   0.6  3  7843  800
Test: ops complete fast enough (4B) ...
  ... Passed --   0.6  3  8432    0
Test: restarts, snapshots, one client (4B) ...
  ... Passed --  22.3  5 407185 44121
Test: restarts, snapshots, many clients (4B) ...
  ... Passed --  19.4  5 359133 47357
Test: unreliable net, snapshots, many clients (4B) ...
  ... Passed --  16.1  5 23570 1926
Test: unreliable net, restarts, snapshots, many clients (4B) ...
  ... Passed --  20.1  5 24102 1881
Test: unreliable net, restarts, partitions, snapshots, many clients (4B) ...
  ... Passed --  29.1  5 51453 1379
Test: unreliable net, restarts, partitions, snapshots, random keys, many clients (4B) ...
  ... Passed --  31.8  7 161700 2983
PASS
ok  	6.5840/kvraft	142.017s

real	2m22.276s
user	2m16.404s
sys	0m14.169s
----------------------------------------
Running test iteration 64 for 4B
Test: InstallSnapshot RPC (4B) ...
  ... Passed --   3.3  3  6346   63
Test: snapshot size is reasonable (4B) ...
  ... Passed --   0.5  3  7496  800
Test: ops complete fast enough (4B) ...
  ... Passed --   0.6  3  8504    0
Test: restarts, snapshots, one client (4B) ...
  ... Passed --  22.3  5 410282 44629
Test: restarts, snapshots, many clients (4B) ...
  ... Passed --  19.8  5 400668 48812
Test: unreliable net, snapshots, many clients (4B) ...
  ... Passed --  15.7  5 23453 1911
Test: unreliable net, restarts, snapshots, many clients (4B) ...
  ... Passed --  20.3  5 24214 1911
Test: unreliable net, restarts, partitions, snapshots, many clients (4B) ...
  ... Passed --  28.8  5 63579 1310
Test: unreliable net, restarts, partitions, snapshots, random keys, many clients (4B) ...
  ... Passed --  31.5  7 174139 3729
PASS
ok  	6.5840/kvraft	142.840s

real	2m23.134s
user	2m19.409s
sys	0m13.923s
----------------------------------------
Running test iteration 65 for 4B
Test: InstallSnapshot RPC (4B) ...
  ... Passed --   2.1  3  7210   63
Test: snapshot size is reasonable (4B) ...
  ... Passed --   0.6  3  7902  800
Test: ops complete fast enough (4B) ...
  ... Passed --   0.7  3  8969    0
Test: restarts, snapshots, one client (4B) ...
  ... Passed --  22.1  5 405532 44189
Test: restarts, snapshots, many clients (4B) ...
  ... Passed --  19.2  5 330667 43937
Test: unreliable net, snapshots, many clients (4B) ...
  ... Passed --  16.2  5 23846 1912
Test: unreliable net, restarts, snapshots, many clients (4B) ...
  ... Passed --  20.5  5 24698 1922
Test: unreliable net, restarts, partitions, snapshots, many clients (4B) ...
  ... Passed --  28.8  5 50853 1082
Test: unreliable net, restarts, partitions, snapshots, random keys, many clients (4B) ...
  ... Passed --  31.8  7 144690 4169
PASS
ok  	6.5840/kvraft	142.086s

real	2m22.383s
user	2m17.560s
sys	0m13.940s
----------------------------------------
Running test iteration 66 for 4B
Test: InstallSnapshot RPC (4B) ...
  ... Passed --   3.0  3  6723   63
Test: snapshot size is reasonable (4B) ...
  ... Passed --   0.7  3  8794  800
Test: ops complete fast enough (4B) ...
  ... Passed --   0.6  3  8595    0
Test: restarts, snapshots, one client (4B) ...
  ... Passed --  22.5  5 413161 44725
Test: restarts, snapshots, many clients (4B) ...
  ... Passed --  19.4  5 376008 48311
Test: unreliable net, snapshots, many clients (4B) ...
  ... Passed --  15.7  5 23459 1948
Test: unreliable net, restarts, snapshots, many clients (4B) ...
  ... Passed --  20.1  5 24861 1993
Test: unreliable net, restarts, partitions, snapshots, many clients (4B) ...
  ... Passed --  29.4  5 74528 1465
Test: unreliable net, restarts, partitions, snapshots, random keys, many clients (4B) ...
  ... Passed --  30.7  7 144970 3728
PASS
ok  	6.5840/kvraft	142.284s

real	2m22.613s
user	2m19.784s
sys	0m13.298s
----------------------------------------
Running test iteration 67 for 4B
Test: InstallSnapshot RPC (4B) ...
  ... Passed --   3.8  3  9551   63
Test: snapshot size is reasonable (4B) ...
  ... Passed --   0.6  3  7301  800
Test: ops complete fast enough (4B) ...
  ... Passed --   0.6  3  8466    0
Test: restarts, snapshots, one client (4B) ...
  ... Passed --  22.6  5 409313 44148
Test: restarts, snapshots, many clients (4B) ...
  ... Passed --  19.3  5 332005 43709
Test: unreliable net, snapshots, many clients (4B) ...
  ... Passed --  15.9  5 23584 1906
Test: unreliable net, restarts, snapshots, many clients (4B) ...
  ... Passed --  20.0  5 24469 1958
Test: unreliable net, restarts, partitions, snapshots, many clients (4B) ...
  ... Passed --  29.3  5 57995 1389
Test: unreliable net, restarts, partitions, snapshots, random keys, many clients (4B) ...
  ... Passed --  31.3  7 140366 3643
PASS
ok  	6.5840/kvraft	143.338s

real	2m23.657s
user	2m16.795s
sys	0m15.274s
----------------------------------------
Running test iteration 68 for 4B
Test: InstallSnapshot RPC (4B) ...
  ... Passed --   1.9  3  5639   63
Test: snapshot size is reasonable (4B) ...
  ... Passed --   0.6  3  7966  800
Test: ops complete fast enough (4B) ...
  ... Passed --   0.7  3  8848    0
Test: restarts, snapshots, one client (4B) ...
  ... Passed --  22.1  5 405897 44297
Test: restarts, snapshots, many clients (4B) ...
  ... Passed --  19.4  5 360801 48077
Test: unreliable net, snapshots, many clients (4B) ...
  ... Passed --  15.9  5 23799 1933
Test: unreliable net, restarts, snapshots, many clients (4B) ...
  ... Passed --  20.6  5 24583 1947
Test: unreliable net, restarts, partitions, snapshots, many clients (4B) ...
  ... Passed --  28.7  5 47736 1096
Test: unreliable net, restarts, partitions, snapshots, random keys, many clients (4B) ...
  ... Passed --  30.0  7 140579 3145
PASS
ok  	6.5840/kvraft	139.893s

real	2m20.172s
user	2m15.947s
sys	0m14.246s
----------------------------------------
Running test iteration 69 for 4B
Test: InstallSnapshot RPC (4B) ...
  ... Passed --   2.8  3  6443   63
Test: snapshot size is reasonable (4B) ...
  ... Passed --   0.7  3  8478  800
Test: ops complete fast enough (4B) ...
  ... Passed --   0.7  3  8343    0
Test: restarts, snapshots, one client (4B) ...
  ... Passed --  22.0  5 402627 43830
Test: restarts, snapshots, many clients (4B) ...
  ... Passed --  20.1  5 420760 48055
Test: unreliable net, snapshots, many clients (4B) ...
  ... Passed --  15.9  5 24014 1991
Test: unreliable net, restarts, snapshots, many clients (4B) ...
  ... Passed --  21.0  5 25022 1953
Test: unreliable net, restarts, partitions, snapshots, many clients (4B) ...
  ... Passed --  29.2  5 73461 1457
Test: unreliable net, restarts, partitions, snapshots, random keys, many clients (4B) ...
  ... Passed --  32.7  7 111440 2678
PASS
ok  	6.5840/kvraft	145.025s

real	2m25.322s
user	2m18.901s
sys	0m14.462s
----------------------------------------
Running test iteration 70 for 4B
Test: InstallSnapshot RPC (4B) ...
  ... Passed --   1.8  3  5793   63
Test: snapshot size is reasonable (4B) ...
  ... Passed --   0.6  3  7402  800
Test: ops complete fast enough (4B) ...
  ... Passed --   0.7  3  8923    0
Test: restarts, snapshots, one client (4B) ...
  ... Passed --  22.1  5 407591 44529
Test: restarts, snapshots, many clients (4B) ...
  ... Passed --  19.3  5 341366 44240
Test: unreliable net, snapshots, many clients (4B) ...
  ... Passed --  15.5  5 23742 1964
Test: unreliable net, restarts, snapshots, many clients (4B) ...
  ... Passed --  19.9  5 23968 1874
Test: unreliable net, restarts, partitions, snapshots, many clients (4B) ...
  ... Passed --  28.9  5 55040 1323
Test: unreliable net, restarts, partitions, snapshots, random keys, many clients (4B) ...
  ... Passed --  30.2  7 115319 2770
PASS
ok  	6.5840/kvraft	139.077s

real	2m19.367s
user	2m15.231s
sys	0m14.372s
----------------------------------------
Running test iteration 71 for 4B
Test: InstallSnapshot RPC (4B) ...
  ... Passed --   2.1  3  5695   63
Test: snapshot size is reasonable (4B) ...
  ... Passed --   0.6  3  7457  800
Test: ops complete fast enough (4B) ...
  ... Passed --   0.7  3  8920    0
Test: restarts, snapshots, one client (4B) ...
  ... Passed --  22.1  5 408008 44574
Test: restarts, snapshots, many clients (4B) ...
  ... Passed --  19.3  5 369721 48519
Test: unreliable net, snapshots, many clients (4B) ...
  ... Passed --  15.9  5 23718 1939
Test: unreliable net, restarts, snapshots, many clients (4B) ...
  ... Passed --  20.2  5 24242 1915
Test: unreliable net, restarts, partitions, snapshots, many clients (4B) ...
  ... Passed --  29.4  5 59509 1269
Test: unreliable net, restarts, partitions, snapshots, random keys, many clients (4B) ...
  ... Passed --  30.5  7 104039 2176
PASS
ok  	6.5840/kvraft	140.660s

real	2m20.956s
user	2m14.566s
sys	0m14.028s
----------------------------------------
Running test iteration 72 for 4B
Test: InstallSnapshot RPC (4B) ...
  ... Passed --   2.5  3  6847   63
Test: snapshot size is reasonable (4B) ...
  ... Passed --   0.6  3  7374  800
Test: ops complete fast enough (4B) ...
  ... Passed --   0.8  3  9161    0
Test: restarts, snapshots, one client (4B) ...
  ... Passed --  22.3  5 409528 44707
Test: restarts, snapshots, many clients (4B) ...
  ... Passed --  19.6  5 383017 47975
Test: unreliable net, snapshots, many clients (4B) ...
  ... Passed --  15.6  5 23815 1945
Test: unreliable net, restarts, snapshots, many clients (4B) ...
  ... Passed --  20.4  5 24613 1925
Test: unreliable net, restarts, partitions, snapshots, many clients (4B) ...
  ... Passed --  29.3  5 58987 1363
Test: unreliable net, restarts, partitions, snapshots, random keys, many clients (4B) ...
  ... Passed --  31.8  7 148688 3191
PASS
ok  	6.5840/kvraft	142.725s

real	2m23.035s
user	2m18.137s
sys	0m13.407s
----------------------------------------
Running test iteration 73 for 4B
Test: InstallSnapshot RPC (4B) ...
  ... Passed --   3.3  3  8759   63
Test: snapshot size is reasonable (4B) ...
  ... Passed --   0.6  3  7514  800
Test: ops complete fast enough (4B) ...
  ... Passed --   0.8  3  9969    0
Test: restarts, snapshots, one client (4B) ...
  ... Passed --  22.5  5 403804 44096
Test: restarts, snapshots, many clients (4B) ...
  ... Passed --  19.7  5 350642 43402
Test: unreliable net, snapshots, many clients (4B) ...
  ... Passed --  15.9  5 23581 1904
Test: unreliable net, restarts, snapshots, many clients (4B) ...
  ... Passed --  20.4  5 24132 1868
Test: unreliable net, restarts, partitions, snapshots, many clients (4B) ...
  ... Passed --  29.5  5 53198 1354
Test: unreliable net, restarts, partitions, snapshots, random keys, many clients (4B) ...
  ... Passed --  30.6  7 112170 2441
PASS
ok  	6.5840/kvraft	143.189s

real	2m23.497s
user	2m17.095s
sys	0m14.575s
----------------------------------------
Running test iteration 74 for 4B
Test: InstallSnapshot RPC (4B) ...
  ... Passed --   2.8  3  6868   63
Test: snapshot size is reasonable (4B) ...
  ... Passed --   0.6  3  7286  800
Test: ops complete fast enough (4B) ...
  ... Passed --   0.8  3  9171    0
Test: restarts, snapshots, one client (4B) ...
  ... Passed --  22.7  5 396691 42734
Test: restarts, snapshots, many clients (4B) ...
  ... Passed --  19.7  5 353036 43165
Test: unreliable net, snapshots, many clients (4B) ...
  ... Passed --  16.2  5 23176 1859
Test: unreliable net, restarts, snapshots, many clients (4B) ...
  ... Passed --  20.0  5 25054 2001
Test: unreliable net, restarts, partitions, snapshots, many clients (4B) ...
  ... Passed --  28.8  5 45343  980
Test: unreliable net, restarts, partitions, snapshots, random keys, many clients (4B) ...
  ... Passed --  30.4  7 123804 2777
PASS
ok  	6.5840/kvraft	141.944s

real	2m22.271s
user	2m17.312s
sys	0m14.350s
----------------------------------------
Running test iteration 75 for 4B
Test: InstallSnapshot RPC (4B) ...
  ... Passed --   3.4  3 10529   63
Test: snapshot size is reasonable (4B) ...
  ... Passed --   0.6  3  7400  800
Test: ops complete fast enough (4B) ...
  ... Passed --   0.7  3  8877    0
Test: restarts, snapshots, one client (4B) ...
  ... Passed --  23.3  5 416097 44147
Test: restarts, snapshots, many clients (4B) ...
  ... Passed --  19.8  5 375333 44269
Test: unreliable net, snapshots, many clients (4B) ...
  ... Passed --  15.6  5 23680 1925
Test: unreliable net, restarts, snapshots, many clients (4B) ...
  ... Passed --  20.4  5 24644 1951
Test: unreliable net, restarts, partitions, snapshots, many clients (4B) ...
  ... Passed --  29.3  5 75285 1482
Test: unreliable net, restarts, partitions, snapshots, random keys, many clients (4B) ...
  ... Passed --  31.3  7 126838 2716
PASS
ok  	6.5840/kvraft	144.262s

real	2m24.546s
user	2m20.132s
sys	0m15.287s
----------------------------------------
Running test iteration 76 for 4B
Test: InstallSnapshot RPC (4B) ...
  ... Passed --   1.8  3  5842   63
Test: snapshot size is reasonable (4B) ...
  ... Passed --   0.6  3  7196  800
Test: ops complete fast enough (4B) ...
  ... Passed --   0.6  3  8367    0
Test: restarts, snapshots, one client (4B) ...
  ... Passed --  22.2  5 402601 43735
Test: restarts, snapshots, many clients (4B) ...
  ... Passed --  19.3  5 375883 49157
Test: unreliable net, snapshots, many clients (4B) ...
  ... Passed --  15.6  5 23665 1944
Test: unreliable net, restarts, snapshots, many clients (4B) ...
  ... Passed --  20.4  5 23940 1881
Test: unreliable net, restarts, partitions, snapshots, many clients (4B) ...
  ... Passed --  29.1  5 47782 1142
Test: unreliable net, restarts, partitions, snapshots, random keys, many clients (4B) ...
  ... Passed --  31.1  7 119152 2460
PASS
ok  	6.5840/kvraft	140.797s

real	2m21.127s
user	2m16.176s
sys	0m12.848s
----------------------------------------
Running test iteration 77 for 4B
Test: InstallSnapshot RPC (4B) ...
  ... Passed --   2.3  3  6440   63
Test: snapshot size is reasonable (4B) ...
  ... Passed --   0.6  3  7386  800
Test: ops complete fast enough (4B) ...
  ... Passed --   0.6  3  8301    0
Test: restarts, snapshots, one client (4B) ...
  ... Passed --  22.3  5 410662 44620
Test: restarts, snapshots, many clients (4B) ...
  ... Passed --  19.3  5 338641 44808
Test: unreliable net, snapshots, many clients (4B) ...
  ... Passed --  15.9  5 23208 1876
Test: unreliable net, restarts, snapshots, many clients (4B) ...
  ... Passed --  20.7  5 24004 1865
Test: unreliable net, restarts, partitions, snapshots, many clients (4B) ...
  ... Passed --  28.6  5 70160 1484
Test: unreliable net, restarts, partitions, snapshots, random keys, many clients (4B) ...
  ... Passed --  30.8  7 119204 2268
PASS
ok  	6.5840/kvraft	141.160s

real	2m21.477s
user	2m15.753s
sys	0m13.489s
----------------------------------------
Running test iteration 78 for 4B
Test: InstallSnapshot RPC (4B) ...
  ... Passed --   3.9  3  9795   63
Test: snapshot size is reasonable (4B) ...
  ... Passed --   0.6  3  7614  800
Test: ops complete fast enough (4B) ...
  ... Passed --   0.7  3  9629    0
Test: restarts, snapshots, one client (4B) ...
  ... Passed --  22.2  5 406996 44290
Test: restarts, snapshots, many clients (4B) ...
  ... Passed --  20.3  5 415873 46874
Test: unreliable net, snapshots, many clients (4B) ...
  ... Passed --  15.8  5 23836 1934
Test: unreliable net, restarts, snapshots, many clients (4B) ...
  ... Passed --  20.6  5 24022 1870
Test: unreliable net, restarts, partitions, snapshots, many clients (4B) ...
  ... Passed --  29.0  5 49319 1192
Test: unreliable net, restarts, partitions, snapshots, random keys, many clients (4B) ...
  ... Passed --  32.0  7 154321 3390
PASS
ok  	6.5840/kvraft	145.157s

real	2m24.044s
user	2m20.242s
sys	0m14.052s
----------------------------------------
Running test iteration 79 for 4B
Test: InstallSnapshot RPC (4B) ...
  ... Passed --   2.3  3  5678   63
Test: snapshot size is reasonable (4B) ...
  ... Passed --   0.7  3  8237  800
Test: ops complete fast enough (4B) ...
  ... Passed --   0.6  3  8372    0
Test: restarts, snapshots, one client (4B) ...
  ... Passed --  22.1  5 406490 44408
Test: restarts, snapshots, many clients (4B) ...
  ... Passed --  19.3  5 319154 41510
Test: unreliable net, snapshots, many clients (4B) ...
  ... Passed --  16.2  5 23426 1940
Test: unreliable net, restarts, snapshots, many clients (4B) ...
  ... Passed --  20.3  5 24658 1935
Test: unreliable net, restarts, partitions, snapshots, many clients (4B) ...
  ... Passed --  29.4  5 51606 1284
Test: unreliable net, restarts, partitions, snapshots, random keys, many clients (4B) ...
  ... Passed --  32.8  7 156009 3173
PASS
ok  	6.5840/kvraft	143.776s

real	2m22.694s
user	2m14.572s
sys	0m14.887s
----------------------------------------
Running test iteration 80 for 4B
Test: InstallSnapshot RPC (4B) ...
  ... Passed --   2.2  3  6424   63
Test: snapshot size is reasonable (4B) ...
  ... Passed --   0.7  3  8810  800
Test: ops complete fast enough (4B) ...
  ... Passed --   0.7  3  8783    0
Test: restarts, snapshots, one client (4B) ...
  ... Passed --  22.1  5 403085 43929
Test: restarts, snapshots, many clients (4B) ...
  ... Passed --  20.1  5 381780 43278
Test: unreliable net, snapshots, many clients (4B) ...
  ... Passed --  16.1  5 22163 1734
Test: unreliable net, restarts, snapshots, many clients (4B) ...
  ... Passed --  20.1  5 24251 1901
Test: unreliable net, restarts, partitions, snapshots, many clients (4B) ...
  ... Passed --  29.4  5 60474 1246
Test: unreliable net, restarts, partitions, snapshots, random keys, many clients (4B) ...
  ... Passed --  32.0  7 147148 3173
PASS
ok  	6.5840/kvraft	143.565s

real	2m21.609s
user	2m18.654s
sys	0m14.063s
----------------------------------------
Running test iteration 81 for 4B
Test: InstallSnapshot RPC (4B) ...
  ... Passed --   2.4  3  6644   63
Test: snapshot size is reasonable (4B) ...
  ... Passed --   0.6  3  7800  800
Test: ops complete fast enough (4B) ...
  ... Passed --   0.7  3  9403    0
Test: restarts, snapshots, one client (4B) ...
  ... Passed --  22.3  5 405409 44126
Test: restarts, snapshots, many clients (4B) ...
  ... Passed --  20.0  5 360122 40669
Test: unreliable net, snapshots, many clients (4B) ...
  ... Passed --  16.1  5 23888 1964
Test: unreliable net, restarts, snapshots, many clients (4B) ...
  ... Passed --  20.6  5 24583 1922
Test: unreliable net, restarts, partitions, snapshots, many clients (4B) ...
  ... Passed --  28.8  5 58814 1175
Test: unreliable net, restarts, partitions, snapshots, random keys, many clients (4B) ...
  ... Passed --  30.2  7 136464 2945
PASS
ok  	6.5840/kvraft	141.765s

real	2m20.265s
user	2m17.049s
sys	0m15.147s
----------------------------------------
Running test iteration 82 for 4B
Test: InstallSnapshot RPC (4B) ...
  ... Passed --   2.7  3  9577   63
Test: snapshot size is reasonable (4B) ...
  ... Passed --   0.6  3  7997  800
Test: ops complete fast enough (4B) ...
  ... Passed --   0.8  3  9939    0
Test: restarts, snapshots, one client (4B) ...
  ... Passed --  22.2  5 402094 43749
Test: restarts, snapshots, many clients (4B) ...
  ... Passed --  19.6  5 357100 43473
Test: unreliable net, snapshots, many clients (4B) ...
  ... Passed --  16.0  5 23705 1946
Test: unreliable net, restarts, snapshots, many clients (4B) ...
  ... Passed --  20.2  5 23995 1890
Test: unreliable net, restarts, partitions, snapshots, many clients (4B) ...
  ... Passed --  28.8  5 55589 1137
Test: unreliable net, restarts, partitions, snapshots, random keys, many clients (4B) ...
  ... Passed --  31.1  7 135470 3752
PASS
ok  	6.5840/kvraft	142.039s

real	2m19.994s
user	2m16.593s
sys	0m15.129s
----------------------------------------
Running test iteration 83 for 4B
Test: InstallSnapshot RPC (4B) ...
  ... Passed --   2.3  3  6735   63
Test: snapshot size is reasonable (4B) ...
  ... Passed --   0.6  3  7859  800
Test: ops complete fast enough (4B) ...
  ... Passed --   0.7  3  8783    0
Test: restarts, snapshots, one client (4B) ...
  ... Passed --  22.2  5 403047 43972
Test: restarts, snapshots, many clients (4B) ...
  ... Passed --  20.9  5 475018 47315
Test: unreliable net, snapshots, many clients (4B) ...
  ... Passed --  15.9  5 23663 1923
Test: unreliable net, restarts, snapshots, many clients (4B) ...
  ... Passed --  20.6  5 25255 1977
Test: unreliable net, restarts, partitions, snapshots, many clients (4B) ...
  ... Passed --  28.9  5 53891 1248
Test: unreliable net, restarts, partitions, snapshots, random keys, many clients (4B) ...
  ... Passed --  30.7  7 144970 3384
PASS
ok  	6.5840/kvraft	142.824s

real	2m21.231s
user	2m20.775s
sys	0m13.075s
----------------------------------------
Running test iteration 84 for 4B
Test: InstallSnapshot RPC (4B) ...
  ... Passed --   2.8  3 12233   63
Test: snapshot size is reasonable (4B) ...
  ... Passed --   0.7  3  8400  800
Test: ops complete fast enough (4B) ...
  ... Passed --   0.7  3  9362    0
Test: restarts, snapshots, one client (4B) ...
  ... Passed --  22.7  5 411111 44409
Test: restarts, snapshots, many clients (4B) ...
  ... Passed --  19.3  5 339089 44213
Test: unreliable net, snapshots, many clients (4B) ...
  ... Passed --  15.9  5 22800 1819
Test: unreliable net, restarts, snapshots, many clients (4B) ...
  ... Passed --  20.1  5 24085 1895
Test: unreliable net, restarts, partitions, snapshots, many clients (4B) ...
  ... Passed --  29.4  5 60784 1277
Test: unreliable net, restarts, partitions, snapshots, random keys, many clients (4B) ...
  ... Passed --  31.6  7 128543 2929
PASS
ok  	6.5840/kvraft	143.280s

real	2m21.213s
user	2m16.813s
sys	0m14.218s
----------------------------------------
Running test iteration 85 for 4B
Test: InstallSnapshot RPC (4B) ...
  ... Passed --   2.4  3  7079   63
Test: snapshot size is reasonable (4B) ...
  ... Passed --   0.7  3  8227  800
Test: ops complete fast enough (4B) ...
  ... Passed --   0.7  3  8174    0
Test: restarts, snapshots, one client (4B) ...
  ... Passed --  22.2  5 395249 42810
Test: restarts, snapshots, many clients (4B) ...
  ... Passed --  19.4  5 348332 45831
Test: unreliable net, snapshots, many clients (4B) ...
  ... Passed --  16.0  5 23539 1946
Test: unreliable net, restarts, snapshots, many clients (4B) ...
  ... Passed --  21.0  5 23998 1849
Test: unreliable net, restarts, partitions, snapshots, many clients (4B) ...
  ... Passed --  29.5  5 53050 1424
Test: unreliable net, restarts, partitions, snapshots, random keys, many clients (4B) ...
  ... Passed --  31.2  7 145888 3646
PASS
ok  	6.5840/kvraft	143.073s

real	2m21.372s
user	2m15.529s
sys	0m13.986s
----------------------------------------
Running test iteration 86 for 4B
Test: InstallSnapshot RPC (4B) ...
  ... Passed --   1.9  3  5748   63
Test: snapshot size is reasonable (4B) ...
  ... Passed --   0.6  3  7408  800
Test: ops complete fast enough (4B) ...
  ... Passed --   0.6  3  8189    0
Test: restarts, snapshots, one client (4B) ...
  ... Passed --  22.6  5 389401 42187
Test: restarts, snapshots, many clients (4B) ...
  ... Passed --  19.2  5 311420 42068
Test: unreliable net, snapshots, many clients (4B) ...
  ... Passed --  15.6  5 24145 1969
Test: unreliable net, restarts, snapshots, many clients (4B) ...
  ... Passed --  22.4  5 24856 1910
Test: unreliable net, restarts, partitions, snapshots, many clients (4B) ...
  ... Passed --  29.4  5 55190 1295
Test: unreliable net, restarts, partitions, snapshots, random keys, many clients (4B) ...
  ... Passed --  31.1  7 146232 3286
PASS
ok  	6.5840/kvraft	143.366s

real	2m21.526s
user	2m13.711s
sys	0m15.496s
----------------------------------------
Running test iteration 87 for 4B
Test: InstallSnapshot RPC (4B) ...
  ... Passed --   2.5  3  7973   63
Test: snapshot size is reasonable (4B) ...
  ... Passed --   0.6  3  7374  800
Test: ops complete fast enough (4B) ...
  ... Passed --   0.7  3  9252    0
Test: restarts, snapshots, one client (4B) ...
  ... Passed --  22.5  5 411373 44670
Test: restarts, snapshots, many clients (4B) ...
  ... Passed --  19.7  5 373294 45656
Test: unreliable net, snapshots, many clients (4B) ...
  ... Passed --  16.0  5 23888 1949
Test: unreliable net, restarts, snapshots, many clients (4B) ...
  ... Passed --  20.3  5 24820 1958
Test: unreliable net, restarts, partitions, snapshots, many clients (4B) ...
  ... Passed --  28.8  5 47487 1178
Test: unreliable net, restarts, partitions, snapshots, random keys, many clients (4B) ...
  ... Passed --  32.1  7 125212 2940
PASS
ok  	6.5840/kvraft	143.056s

real	2m20.720s
user	2m15.476s
sys	0m13.257s
----------------------------------------
Running test iteration 88 for 4B
Test: InstallSnapshot RPC (4B) ...
  ... Passed --   3.7  3 13383   63
Test: snapshot size is reasonable (4B) ...
  ... Passed --   0.6  3  7304  800
Test: ops complete fast enough (4B) ...
  ... Passed --   0.7  3  8879    0
Test: restarts, snapshots, one client (4B) ...
  ... Passed --  22.0  5 386631 42187
Test: restarts, snapshots, many clients (4B) ...
  ... Passed --  19.3  5 306769 38803
Test: unreliable net, snapshots, many clients (4B) ...
  ... Passed --  15.9  5 22726 1800
Test: unreliable net, restarts, snapshots, many clients (4B) ...
  ... Passed --  20.7  5 23619 1769
Test: unreliable net, restarts, partitions, snapshots, many clients (4B) ...
  ... Passed --  29.0  5 59347 1219
Test: unreliable net, restarts, partitions, snapshots, random keys, many clients (4B) ...
  ... Passed --  30.4  7 122158 2568
PASS
ok  	6.5840/kvraft	142.186s

real	2m20.264s
user	2m12.865s
sys	0m14.365s
----------------------------------------
Running test iteration 89 for 4B
Test: InstallSnapshot RPC (4B) ...
  ... Passed --   3.7  3  6270   63
Test: snapshot size is reasonable (4B) ...
  ... Passed --   0.8  3  8226  800
Test: ops complete fast enough (4B) ...
  ... Passed --   0.8  3  8987    0
Test: restarts, snapshots, one client (4B) ...
  ... Passed --  22.0  5 371990 40361
Test: restarts, snapshots, many clients (4B) ...
  ... Passed --  20.5  5 431030 45398
Test: unreliable net, snapshots, many clients (4B) ...
  ... Passed --  15.6  5 22984 1849
Test: unreliable net, restarts, snapshots, many clients (4B) ...
  ... Passed --  20.3  5 24578 1945
Test: unreliable net, restarts, partitions, snapshots, many clients (4B) ...
  ... Passed --  29.1  5 44684 1539
Test: unreliable net, restarts, partitions, snapshots, random keys, many clients (4B) ...
  ... Passed --  31.1  7 126300 2968
PASS
ok  	6.5840/kvraft	143.796s

real	2m21.760s
user	2m18.846s
sys	0m13.761s
----------------------------------------
Running test iteration 90 for 4B
Test: InstallSnapshot RPC (4B) ...
  ... Passed --   2.3  3  6968   63
Test: snapshot size is reasonable (4B) ...
  ... Passed --   0.6  3  7401  800
Test: ops complete fast enough (4B) ...
  ... Passed --   0.6  3  8438    0
Test: restarts, snapshots, one client (4B) ...
  ... Passed --  22.0  5 391444 42793
Test: restarts, snapshots, many clients (4B) ...
  ... Passed --  19.4  5 347655 45880
Test: unreliable net, snapshots, many clients (4B) ...
  ... Passed --  15.8  5 23812 1962
Test: unreliable net, restarts, snapshots, many clients (4B) ...
  ... Passed --  20.8  5 24943 1997
Test: unreliable net, restarts, partitions, snapshots, many clients (4B) ...
  ... Passed --  29.5  5 65060 1440
Test: unreliable net, restarts, partitions, snapshots, random keys, many clients (4B) ...
  ... Passed --  31.5  7 127640 2877
PASS
ok  	6.5840/kvraft	142.582s

real	2m20.050s
user	2m14.146s
sys	0m13.776s
----------------------------------------
Running test iteration 91 for 4B
Test: InstallSnapshot RPC (4B) ...
  ... Passed --   2.6  3  7263   63
Test: snapshot size is reasonable (4B) ...
  ... Passed --   0.7  3  8276  800
Test: ops complete fast enough (4B) ...
  ... Passed --   0.7  3  8262    0
Test: restarts, snapshots, one client (4B) ...
  ... Passed --  22.1  5 394987 42947
Test: restarts, snapshots, many clients (4B) ...
  ... Passed --  20.0  5 393313 46291
Test: unreliable net, snapshots, many clients (4B) ...
  ... Passed --  15.7  5 22804 1804
Test: unreliable net, restarts, snapshots, many clients (4B) ...
  ... Passed --  20.3  5 24296 1906
Test: unreliable net, restarts, partitions, snapshots, many clients (4B) ...
  ... Passed --  29.3  5 68469 1313
Test: unreliable net, restarts, partitions, snapshots, random keys, many clients (4B) ...
info: linearizability check timed out, assuming history is ok
  ... Passed --  32.2  7 123996 2888
PASS
ok  	6.5840/kvraft	143.578s

real	2m21.669s
user	2m17.236s
sys	0m13.674s
----------------------------------------
Running test iteration 92 for 4B
Test: InstallSnapshot RPC (4B) ...
  ... Passed --   4.0  3  9746   63
Test: snapshot size is reasonable (4B) ...
  ... Passed --   0.6  3  7287  800
Test: ops complete fast enough (4B) ...
  ... Passed --   0.8  3  9785    0
Test: restarts, snapshots, one client (4B) ...
  ... Passed --  22.8  5 407905 43641
Test: restarts, snapshots, many clients (4B) ...
  ... Passed --  20.2  5 381267 42487
Test: unreliable net, snapshots, many clients (4B) ...
  ... Passed --  15.8  5 23768 1932
Test: unreliable net, restarts, snapshots, many clients (4B) ...
  ... Passed --  20.8  5 24328 1887
Test: unreliable net, restarts, partitions, snapshots, many clients (4B) ...
  ... Passed --  28.9  5 63270 1427
Test: unreliable net, restarts, partitions, snapshots, random keys, many clients (4B) ...
  ... Passed --  30.5  7 122809 2926
PASS
ok  	6.5840/kvraft	144.400s

real	2m21.967s
user	2m17.648s
sys	0m15.400s
----------------------------------------
Running test iteration 93 for 4B
Test: InstallSnapshot RPC (4B) ...
  ... Passed --   3.0  3  8032   63
Test: snapshot size is reasonable (4B) ...
  ... Passed --   0.6  3  7879  800
Test: ops complete fast enough (4B) ...
  ... Passed --   0.7  3  9406    0
Test: restarts, snapshots, one client (4B) ...
  ... Passed --  22.2  5 396492 43069
Test: restarts, snapshots, many clients (4B) ...
  ... Passed --  19.5  5 360507 45423
Test: unreliable net, snapshots, many clients (4B) ...
  ... Passed --  15.9  5 23272 1902
Test: unreliable net, restarts, snapshots, many clients (4B) ...
  ... Passed --  19.7  5 24140 1919
Test: unreliable net, restarts, partitions, snapshots, many clients (4B) ...
  ... Passed --  29.2  5 54297 1088
Test: unreliable net, restarts, partitions, snapshots, random keys, many clients (4B) ...
  ... Passed --  30.7  7 112781 2872
PASS
ok  	6.5840/kvraft	141.484s

real	2m19.335s
user	2m13.511s
sys	0m14.478s
----------------------------------------
Running test iteration 94 for 4B
Test: InstallSnapshot RPC (4B) ...
  ... Passed --   3.3  3 11568   63
Test: snapshot size is reasonable (4B) ...
  ... Passed --   0.6  3  7464  800
Test: ops complete fast enough (4B) ...
  ... Passed --   0.6  3  8419    0
Test: restarts, snapshots, one client (4B) ...
  ... Passed --  22.2  5 401590 43759
Test: restarts, snapshots, many clients (4B) ...
  ... Passed --  19.4  5 329278 42653
Test: unreliable net, snapshots, many clients (4B) ...
  ... Passed --  16.0  5 23878 1968
Test: unreliable net, restarts, snapshots, many clients (4B) ...
  ... Passed --  20.6  5 23855 1832
Test: unreliable net, restarts, partitions, snapshots, many clients (4B) ...
  ... Passed --  29.7  5 79955 1503
Test: unreliable net, restarts, partitions, snapshots, random keys, many clients (4B) ...
  ... Passed --  30.9  7 121249 2439
PASS
ok  	6.5840/kvraft	143.360s

real	2m21.384s
user	2m14.482s
sys	0m14.357s
----------------------------------------
Running test iteration 95 for 4B
Test: InstallSnapshot RPC (4B) ...
  ... Passed --   3.0  3  7340   63
Test: snapshot size is reasonable (4B) ...
  ... Passed --   0.6  3  7413  800
Test: ops complete fast enough (4B) ...
  ... Passed --   0.7  3  8883    0
Test: restarts, snapshots, one client (4B) ...
  ... Passed --  22.5  5 403752 43686
Test: restarts, snapshots, many clients (4B) ...
  ... Passed --  19.3  5 312255 40551
Test: unreliable net, snapshots, many clients (4B) ...
  ... Passed --  15.5  5 23304 1932
Test: unreliable net, restarts, snapshots, many clients (4B) ...
  ... Passed --  20.4  5 23719 1808
Test: unreliable net, restarts, partitions, snapshots, many clients (4B) ...
  ... Passed --  29.3  5 68326 1560
Test: unreliable net, restarts, partitions, snapshots, random keys, many clients (4B) ...
  ... Passed --  30.7  7 141432 3372
PASS
ok  	6.5840/kvraft	141.939s

real	2m19.989s
user	2m14.246s
sys	0m15.325s
----------------------------------------
Running test iteration 96 for 4B
Test: InstallSnapshot RPC (4B) ...
  ... Passed --   3.9  3  9529   63
Test: snapshot size is reasonable (4B) ...
  ... Passed --   0.6  3  7971  800
Test: ops complete fast enough (4B) ...
  ... Passed --   0.6  3  8385    0
Test: restarts, snapshots, one client (4B) ...
  ... Passed --  22.1  5 393891 42891
Test: restarts, snapshots, many clients (4B) ...
  ... Passed --  20.3  5 403893 45019
Test: unreliable net, snapshots, many clients (4B) ...
  ... Passed --  16.1  5 23227 1871
Test: unreliable net, restarts, snapshots, many clients (4B) ...
  ... Passed --  20.1  5 23975 1866
Test: unreliable net, restarts, partitions, snapshots, many clients (4B) ...
  ... Passed --  29.9  5 49440 1509
Test: unreliable net, restarts, partitions, snapshots, random keys, many clients (4B) ...
  ... Passed --  30.7  7 135855 3371
PASS
ok  	6.5840/kvraft	144.412s

real	2m21.846s
user	2m18.557s
sys	0m13.941s
----------------------------------------
Running test iteration 97 for 4B
Test: InstallSnapshot RPC (4B) ...
  ... Passed --   3.4  3 13757   63
Test: snapshot size is reasonable (4B) ...
  ... Passed --   0.6  3  7122  800
Test: ops complete fast enough (4B) ...
  ... Passed --   1.1  3 12110    0
Test: restarts, snapshots, one client (4B) ...
  ... Passed --  22.3  5 390827 42326
Test: restarts, snapshots, many clients (4B) ...
  ... Passed --  20.5  5 402906 42914
Test: unreliable net, snapshots, many clients (4B) ...
  ... Passed --  15.9  5 23454 1902
Test: unreliable net, restarts, snapshots, many clients (4B) ...
  ... Passed --  20.3  5 24187 1919
Test: unreliable net, restarts, partitions, snapshots, many clients (4B) ...
  ... Passed --  29.0  5 52915 1262
Test: unreliable net, restarts, partitions, snapshots, random keys, many clients (4B) ...
  ... Passed --  30.9  7 144768 3641
PASS
ok  	6.5840/kvraft	144.105s

real	2m22.048s
user	2m19.896s
sys	0m14.942s
----------------------------------------
Running test iteration 98 for 4B
Test: InstallSnapshot RPC (4B) ...
  ... Passed --   1.8  3  5644   63
Test: snapshot size is reasonable (4B) ...
  ... Passed --   0.6  3  7403  800
Test: ops complete fast enough (4B) ...
  ... Passed --   0.7  3  8719    0
Test: restarts, snapshots, one client (4B) ...
  ... Passed --  22.4  5 397032 42982
Test: restarts, snapshots, many clients (4B) ...
  ... Passed --  19.7  5 355925 42936
Test: unreliable net, snapshots, many clients (4B) ...
  ... Passed --  15.7  5 22790 1826
Test: unreliable net, restarts, snapshots, many clients (4B) ...
  ... Passed --  20.5  5 24563 1929
Test: unreliable net, restarts, partitions, snapshots, many clients (4B) ...
  ... Passed --  29.9  5 51909 1145
Test: unreliable net, restarts, partitions, snapshots, random keys, many clients (4B) ...
  ... Passed --  31.1  7 154015 3622
PASS
ok  	6.5840/kvraft	142.412s

real	2m19.827s
user	2m16.165s
sys	0m14.602s
----------------------------------------
Running test iteration 99 for 4B
Test: InstallSnapshot RPC (4B) ...
  ... Passed --   1.9  3  5638   63
Test: snapshot size is reasonable (4B) ...
  ... Passed --   0.6  3  7434  800
Test: ops complete fast enough (4B) ...
  ... Passed --   0.7  3  8935    0
Test: restarts, snapshots, one client (4B) ...
  ... Passed --  22.1  5 396473 43360
Test: restarts, snapshots, many clients (4B) ...
  ... Passed --  19.5  5 345659 43735
Test: unreliable net, snapshots, many clients (4B) ...
  ... Passed --  15.9  5 23327 1899
Test: unreliable net, restarts, snapshots, many clients (4B) ...
  ... Passed --  20.2  5 24120 1917
Test: unreliable net, restarts, partitions, snapshots, many clients (4B) ...
  ... Passed --  29.3  5 71451 1390
Test: unreliable net, restarts, partitions, snapshots, random keys, many clients (4B) ...
  ... Passed --  31.0  7 146635 3993
PASS
ok  	6.5840/kvraft	140.992s

real	2m18.912s
user	2m16.378s
sys	0m13.961s
----------------------------------------
Running test iteration 100 for 4B
Test: InstallSnapshot RPC (4B) ...
  ... Passed --   2.8  3  7641   63
Test: snapshot size is reasonable (4B) ...
  ... Passed --   0.7  3  8898  800
Test: ops complete fast enough (4B) ...
  ... Passed --   0.7  3  8796    0
Test: restarts, snapshots, one client (4B) ...
  ... Passed --  22.2  5 399231 43472
Test: restarts, snapshots, many clients (4B) ...
  ... Passed --  19.3  5 331446 43123
Test: unreliable net, snapshots, many clients (4B) ...
  ... Passed --  16.0  5 23656 1921
Test: unreliable net, restarts, snapshots, many clients (4B) ...
  ... Passed --  20.4  5 24530 1955
Test: unreliable net, restarts, partitions, snapshots, many clients (4B) ...
  ... Passed --  28.5  5 55045 1190
Test: unreliable net, restarts, partitions, snapshots, random keys, many clients (4B) ...
  ... Passed --  30.7  7 127842 2617
PASS
ok  	6.5840/kvraft	141.313s

real	2m18.620s
user	2m13.123s
sys	0m14.642s
----------------------------------------
All 4B test runs completed successfully.
